Archive member included to satisfy reference by file (symbol)

app/libapp.a(main.c.obj)      (--whole-archive)
zephyr/libzephyr.a(heap.c.obj)
                              (--whole-archive)
zephyr/libzephyr.a(cbprintf_packaged.c.obj)
                              (--whole-archive)
zephyr/libzephyr.a(printk.c.obj)
                              (--whole-archive)
zephyr/libzephyr.a(sem.c.obj)
                              (--whole-archive)
zephyr/libzephyr.a(thread_entry.c.obj)
                              (--whole-archive)
zephyr/libzephyr.a(cbprintf_complete.c.obj)
                              (--whole-archive)
zephyr/libzephyr.a(assert.c.obj)
                              (--whole-archive)
zephyr/libzephyr.a(dec.c.obj)
                              (--whole-archive)
zephyr/libzephyr.a(hex.c.obj)
                              (--whole-archive)
zephyr/libzephyr.a(rb.c.obj)  (--whole-archive)
zephyr/libzephyr.a(timeutil.c.obj)
                              (--whole-archive)
zephyr/libzephyr.a(bitarray.c.obj)
                              (--whole-archive)
zephyr/libzephyr.a(onoff.c.obj)
                              (--whole-archive)
zephyr/libzephyr.a(notify.c.obj)
                              (--whole-archive)
zephyr/libzephyr.a(ring_buffer.c.obj)
                              (--whole-archive)
zephyr/libzephyr.a(last_section_id.c.obj)
                              (--whole-archive)
zephyr/libzephyr.a(configs.c.obj)
                              (--whole-archive)
zephyr/libzephyr.a(mem_attr.c.obj)
                              (--whole-archive)
zephyr/libzephyr.a(tracing_none.c.obj)
                              (--whole-archive)
zephyr/libzephyr.a(banner.c.obj)
                              (--whole-archive)
zephyr/libzephyr.a(flash_map_partition_manager.c.obj)
                              (--whole-archive)
zephyr/libzephyr.a(nrf_cc3xx_platform_abort_zephyr.c.obj)
                              (--whole-archive)
zephyr/libzephyr.a(nrf_cc3xx_platform_mutex_zephyr.c.obj)
                              (--whole-archive)
zephyr/arch/common/libarch__common.a(sw_isr_common.c.obj)
                              (--whole-archive)
zephyr/arch/arch/arm/core/libarch__arm__core.a(fatal.c.obj)
                              (--whole-archive)
zephyr/arch/arch/arm/core/libarch__arm__core.a(nmi.c.obj)
                              (--whole-archive)
zephyr/arch/arch/arm/core/libarch__arm__core.a(nmi_on_reset.S.obj)
                              (--whole-archive)
zephyr/arch/arch/arm/core/libarch__arm__core.a(tls.c.obj)
                              (--whole-archive)
zephyr/arch/arch/arm/core/cortex_m/libarch__arm__core__cortex_m.a(exc_exit.c.obj)
                              (--whole-archive)
zephyr/arch/arch/arm/core/cortex_m/libarch__arm__core__cortex_m.a(fault.c.obj)
                              (--whole-archive)
zephyr/arch/arch/arm/core/cortex_m/libarch__arm__core__cortex_m.a(fault_s.S.obj)
                              (--whole-archive)
zephyr/arch/arch/arm/core/cortex_m/libarch__arm__core__cortex_m.a(fpu.c.obj)
                              (--whole-archive)
zephyr/arch/arch/arm/core/cortex_m/libarch__arm__core__cortex_m.a(reset.S.obj)
                              (--whole-archive)
zephyr/arch/arch/arm/core/cortex_m/libarch__arm__core__cortex_m.a(scb.c.obj)
                              (--whole-archive)
zephyr/arch/arch/arm/core/cortex_m/libarch__arm__core__cortex_m.a(thread_abort.c.obj)
                              (--whole-archive)
zephyr/arch/arch/arm/core/cortex_m/libarch__arm__core__cortex_m.a(vector_table.S.obj)
                              (--whole-archive)
zephyr/arch/arch/arm/core/cortex_m/libarch__arm__core__cortex_m.a(swap_helper.S.obj)
                              (--whole-archive)
zephyr/arch/arch/arm/core/cortex_m/libarch__arm__core__cortex_m.a(irq_manage.c.obj)
                              (--whole-archive)
zephyr/arch/arch/arm/core/cortex_m/libarch__arm__core__cortex_m.a(prep_c.c.obj)
                              (--whole-archive)
zephyr/arch/arch/arm/core/cortex_m/libarch__arm__core__cortex_m.a(thread.c.obj)
                              (--whole-archive)
zephyr/arch/arch/arm/core/cortex_m/libarch__arm__core__cortex_m.a(cpu_idle.c.obj)
                              (--whole-archive)
zephyr/arch/arch/arm/core/cortex_m/libarch__arm__core__cortex_m.a(irq_init.c.obj)
                              (--whole-archive)
zephyr/arch/arch/arm/core/cortex_m/libarch__arm__core__cortex_m.a(isr_wrapper.c.obj)
                              (--whole-archive)
zephyr/arch/arch/arm/core/cortex_m/libarch__arm__core__cortex_m.a(__aeabi_read_tp.S.obj)
                              (--whole-archive)
zephyr/arch/arch/arm/core/cortex_m/cmse/libarch__arm__core__cortex_m__cmse.a(arm_core_cmse.c.obj)
                              (--whole-archive)
zephyr/arch/arch/arm/core/mpu/libarch__arm__core__mpu.a(arm_core_mpu.c.obj)
                              (--whole-archive)
[...]
Memory Configuration

Name             Origin             Length             Attributes
FLASH            0x0000000000000000 0x0000000000100000 xr
RAM              0x0000000020000000 0x0000000000070000 xw
IDT_LIST         0x00000000ffff7fff 0x0000000000008000 xw
*default*        0x0000000000000000 0xffffffffffffffff

Linker script and memory map

                0x00000000000052f8                vfprintf = __l_vfprintf
                0x0000000000000000                vfscanf = __l_vfscanf
LOAD zephyr/CMakeFiles/zephyr_final.dir/misc/empty_file.c.obj
LOAD zephyr/CMakeFiles/zephyr_final.dir/isr_tables.c.obj
LOAD zephyr/CMakeFiles/offsets.dir/./arch/arm/core/offsets/offsets.c.obj
LOAD app/libapp.a
LOAD zephyr/libzephyr.a
LOAD zephyr/arch/common/libarch__common.a
LOAD zephyr/arch/arch/arm/core/libarch__arm__core.a
LOAD zephyr/arch/arch/arm/core/cortex_m/libarch__arm__core__cortex_m.a
LOAD zephyr/arch/arch/arm/core/cortex_m/cmse/libarch__arm__core__cortex_m__cmse.a
LOAD zephyr/arch/arch/arm/core/mpu/libarch__arm__core__mpu.a
LOAD zephyr/lib/libc/picolibc/liblib__libc__picolibc.a
LOAD zephyr/lib/libc/common/liblib__libc__common.a
LOAD zephyr/soc/soc/nrf5340/libsoc__nordic.a
LOAD zephyr/drivers/clock_control/libdrivers__clock_control.a
LOAD zephyr/drivers/console/libdrivers__console.a
LOAD zephyr/drivers/gpio/libdrivers__gpio.a
LOAD zephyr/drivers/i2s/libdrivers__i2s.a
LOAD zephyr/drivers/pinctrl/libdrivers__pinctrl.a
LOAD zephyr/drivers/serial/libdrivers__serial.a
LOAD zephyr/drivers/timer/libdrivers__timer.a
LOAD modules/nrf/drivers/hw_cc3xx/lib..__nrf__drivers__hw_cc3xx.a
LOAD modules/hal_nordic/modules/hal_nordic/nrfx/libmodules__hal_nordic__nrfx.a
LOAD zephyr/kernel/libkernel.a
LOAD zephyr/arch/common/libisr_tables.a
LOAD /home/mnohem/ncs/nrfxlib/crypto/nrf_cc312_platform/lib/cortex-m33/soft-float/no-interrupts/libnrf_cc312_platform_0.9.19.a
LOAD /home/mnohem/ncs/toolchains/7cbc0036f4/opt/zephyr-sdk/arm-zephyr-eabi/bin/../lib/gcc/../../picolibc/arm-zephyr-eabi/lib/thumb/v8-m.main/nofp/libc.a
LOAD /home/mnohem/ncs/toolchains/7cbc0036f4/opt/zephyr-sdk/arm-zephyr-eabi/bin/../lib/gcc/arm-zephyr-eabi/12.2.0/thumb/v8-m.main/nofp/libgcc.a
                0x0000000000000020                _region_min_align = 0x20

.rel.plt        0x0000000000000000        0x0
 *(SORT_BY_ALIGNMENT(.rel.plt))
                [!provide]                        PROVIDE (__rel_iplt_start = .)
 *(SORT_BY_ALIGNMENT(.rel.iplt))
 .rel.iplt      0x0000000000000000        0x0 zephyr/CMakeFiles/zephyr_final.dir/isr_tables.c.obj
                [!provide]                        PROVIDE (__rel_iplt_end = .)

.rela.plt       0x0000000000000000        0x0
 *(SORT_BY_ALIGNMENT(.rela.plt))
                [!provide]                        PROVIDE (__rela_iplt_start = .)
 *(SORT_BY_ALIGNMENT(.rela.iplt))
                [!provide]                        PROVIDE (__rela_iplt_end = .)

.rel.dyn
 *(SORT_BY_ALIGNMENT(.rel.*))

.rela.dyn
 *(SORT_BY_ALIGNMENT(.rela.*))

/DISCARD/
 *(SORT_BY_ALIGNMENT(.plt))

/DISCARD/
 *(SORT_BY_ALIGNMENT(.iplt))
                0x0000000000000000                __rom_region_start = 0x0

rom_start       0x0000000000000000      0x154
                0x0000000000000000                __rom_start_address = .
 FILL mask 0x00
                0x0000000000000000                . = (. + (0x0 - (. - __rom_start_address)))
                0x0000000000000000                . = ALIGN (0x4)
                0x0000000000000000                . = ALIGN (0x80)
                0x0000000000000000                . = ALIGN (0x200)
                0x0000000000000000                _vector_start = .
 *(SORT_BY_ALIGNMENT(.exc_vector_table))
 *(SORT_BY_ALIGNMENT(.exc_vector_table.*))
 .exc_vector_table._vector_table_section
                0x0000000000000000       0x40 zephyr/arch/arch/arm/core/cortex_m/libarch__arm__core__cortex_m.a(vector_table.S.obj)
                0x0000000000000000                _vector_table
 *(SORT_BY_ALIGNMENT(.vectors))
                0x0000000000000154                _vector_end = .
                0x0000000000000040                . = ALIGN (0x4)
 *(SORT_BY_ALIGNMENT(.gnu.linkonce.irq_vector_table*))
 .gnu.linkonce.irq_vector_table
                0x0000000000000040      0x114 zephyr/CMakeFiles/zephyr_final.dir/isr_tables.c.obj
                0x0000000000000040                _irq_vector_table
                0x0000000000000154                _vector_end = .

text            0x0000000000000154     0x65f4
                0x0000000000000154                __text_region_start = .
 *(SORT_BY_ALIGNMENT(.text))
 .text          0x0000000000000154       0x30 /home/mnohem/ncs/toolchains/7cbc0036f4/opt/zephyr-sdk/arm-zephyr-eabi/bin/../lib/gcc/arm-zephyr-eabi/12.2.0/thumb/v8-m.main/nofp/libgcc.a(_aeabi_uldivmod.o)
                0x0000000000000154                __aeabi_uldivmod
 .text          0x0000000000000184        0x4 /home/mnohem/ncs/toolchains/7cbc0036f4/opt/zephyr-sdk/arm-zephyr-eabi/bin/../lib/gcc/arm-zephyr-eabi/12.2.0/thumb/v8-m.main/nofp/libgcc.a(_dvmd_tls.o)
                0x0000000000000184                __aeabi_ldiv0
                0x0000000000000184                __aeabi_idiv0
 .text          0x0000000000000188      0x29c /home/mnohem/ncs/toolchains/7cbc0036f4/opt/zephyr-sdk/arm-zephyr-eabi/bin/../lib/gcc/arm-zephyr-eabi/12.2.0/thumb/v8-m.main/nofp/libgcc.a(_udivmoddi4.o)
                0x0000000000000188                __udivmoddi4
 *(SORT_BY_ALIGNMENT(.text.*))
 .text.main     0x0000000000000424      0x160 app/libapp.a(main.c.obj)
                0x0000000000000424                main
 .text.char_out
                0x0000000000000584        0xc zephyr/libzephyr.a(printk.c.obj)
 .text.__printk_hook_install
                0x0000000000000590        0xc zephyr/libzephyr.a(printk.c.obj)
                0x0000000000000590                __printk_hook_install
 .text.vprintk  0x000000000000059c       0x30 zephyr/libzephyr.a(printk.c.obj)
                0x000000000000059c                vprintk
 .text.z_thread_entry
                0x00000000000005cc       0x34 zephyr/libzephyr.a(thread_entry.c.obj)
                0x00000000000005cc                z_thread_entry
 .text.process_event
                0x0000000000000600      0x21c zephyr/libzephyr.a(onoff.c.obj)
 .text.mem_attr_get_regions
                0x000000000000081c        0xc zephyr/libzephyr.a(mem_attr.c.obj)
                0x000000000000081c                mem_attr_get_regions
 .text.boot_banner
                0x0000000000000828       0x1c zephyr/libzephyr.a(banner.c.obj)
                0x0000000000000828                boot_banner
 .text.nrf_cc3xx_platform_abort_init
                0x0000000000000844        0xc zephyr/libzephyr.a(nrf_cc3xx_platform_abort_zephyr.c.obj)
                0x0000000000000844                nrf_cc3xx_platform_abort_init
 .text.mutex_free_platform
                0x0000000000000850       0x54 zephyr/libzephyr.a(nrf_cc3xx_platform_mutex_zephyr.c.obj)
 .text.mutex_lock_platform
                0x00000000000008a4       0x74 zephyr/libzephyr.a(nrf_cc3xx_platform_mutex_zephyr.c.obj)
 .text.mutex_unlock_platform
                0x0000000000000918       0x68 zephyr/libzephyr.a(nrf_cc3xx_platform_mutex_zephyr.c.obj)
 .text.mutex_init_platform
                0x0000000000000980       0x94 zephyr/libzephyr.a(nrf_cc3xx_platform_mutex_zephyr.c.obj)
 .text.nrf_cc3xx_platform_mutex_init
                0x0000000000000a14       0x2c zephyr/libzephyr.a(nrf_cc3xx_platform_mutex_zephyr.c.obj)
                0x0000000000000a14                nrf_cc3xx_platform_mutex_init
 .text.z_SysNmiOnReset
                0x0000000000000a40        0x8 zephyr/arch/arch/arm/core/libarch__arm__core.a(nmi_on_reset.S.obj)
                0x0000000000000a40                z_SysNmiOnReset
 .text.arch_tls_stack_setup
                0x0000000000000a48       0x40 zephyr/arch/arch/arm/core/libarch__arm__core.a(tls.c.obj)
                0x0000000000000a48                arch_tls_stack_setup
 .text._HandlerModeExit
                0x0000000000000a88       0x20 zephyr/arch/arch/arm/core/cortex_m/libarch__arm__core__cortex_m.a(exc_exit.c.obj)
                0x0000000000000a88                z_arm_exc_exit
                0x0000000000000a88                z_arm_int_exit
 .text.usage_fault.constprop.0
                0x0000000000000aa8       0x5c zephyr/arch/arch/arm/core/cortex_m/libarch__arm__core__cortex_m.a(fault.c.obj)
 .text.bus_fault.constprop.0
                0x0000000000000b04       0x6c zephyr/arch/arch/arm/core/cortex_m/libarch__arm__core__cortex_m.a(fault.c.obj)
 .text.mem_manage_fault.constprop.0
                0x0000000000000b70       0x78 zephyr/arch/arch/arm/core/cortex_m/libarch__arm__core__cortex_m.a(fault.c.obj)
 .text.z_arm_fault
                0x0000000000000be8      0x124 zephyr/arch/arch/arm/core/cortex_m/libarch__arm__core__cortex_m.a(fault.c.obj)
                0x0000000000000be8                z_arm_fault
 .text.z_arm_fault_init
                0x0000000000000d0c       0x20 zephyr/arch/arch/arm/core/cortex_m/libarch__arm__core__cortex_m.a(fault.c.obj)
                0x0000000000000d0c                z_arm_fault_init
 .text.__fault  0x0000000000000d2c       0x14 zephyr/arch/arch/arm/core/cortex_m/libarch__arm__core__cortex_m.a(fault_s.S.obj)
                0x0000000000000d2c                z_arm_bus_fault
                0x0000000000000d2c                z_arm_usage_fault
                0x0000000000000d2c                z_arm_mpu_fault
                0x0000000000000d2c                z_arm_exc_spurious
                0x0000000000000d2c                z_arm_debug_monitor
                0x0000000000000d2c                z_arm_hard_fault
 .text._reset_section
                0x0000000000000d40       0x60 zephyr/arch/arch/arm/core/cortex_m/libarch__arm__core__cortex_m.a(reset.S.obj)
                0x0000000000000d40                z_arm_reset
                0x0000000000000d40                __start
 .text.z_arm_clear_arm_mpu_config
                0x0000000000000da0       0x24 zephyr/arch/arch/arm/core/cortex_m/libarch__arm__core__cortex_m.a(scb.c.obj)
                0x0000000000000da0                z_arm_clear_arm_mpu_config
 .text.z_arm_init_arch_hw_at_boot
                0x0000000000000dc4       0x4c zephyr/arch/arch/arm/core/cortex_m/libarch__arm__core__cortex_m.a(scb.c.obj)
                0x0000000000000dc4                z_arm_init_arch_hw_at_boot
 .text.z_impl_k_thread_abort
                0x0000000000000e10       0x2c zephyr/arch/arch/arm/core/cortex_m/libarch__arm__core__cortex_m.a(thread_abort.c.obj)
                0x0000000000000e10                z_impl_k_thread_abort
 .text.z_arm_pendsv
                0x0000000000000e3c       0x60 zephyr/arch/arch/arm/core/cortex_m/libarch__arm__core__cortex_m.a(swap_helper.S.obj)
                0x0000000000000e3c                z_arm_pendsv
 .text.z_arm_svc
                0x0000000000000e9c       0x24 zephyr/arch/arch/arm/core/cortex_m/libarch__arm__core__cortex_m.a(swap_helper.S.obj)
                0x0000000000000e9c                z_arm_svc
 .text.arm_irq_enable
                0x0000000000000ec0       0x1c zephyr/arch/arch/arm/core/cortex_m/libarch__arm__core__cortex_m.a(irq_manage.c.obj)
                0x0000000000000ec0                arm_irq_enable
 .text.arm_irq_disable
                0x0000000000000edc       0x28 zephyr/arch/arch/arm/core/cortex_m/libarch__arm__core__cortex_m.a(irq_manage.c.obj)
                0x0000000000000edc                arm_irq_disable
 .text.arm_irq_is_enabled
                0x0000000000000f04       0x1c zephyr/arch/arch/arm/core/cortex_m/libarch__arm__core__cortex_m.a(irq_manage.c.obj)
                0x0000000000000f04                arm_irq_is_enabled
 .text.arm_irq_priority_set
                0x0000000000000f20       0x2c zephyr/arch/arch/arm/core/cortex_m/libarch__arm__core__cortex_m.a(irq_manage.c.obj)
                0x0000000000000f20                arm_irq_priority_set
 .text.relocate_vector_table
                0x0000000000000f4c       0x1c zephyr/arch/arch/arm/core/cortex_m/libarch__arm__core__cortex_m.a(prep_c.c.obj)
                0x0000000000000f4c                relocate_vector_table
 .text.z_prep_c
                0x0000000000000f68       0x28 zephyr/arch/arch/arm/core/cortex_m/libarch__arm__core__cortex_m.a(prep_c.c.obj)
                0x0000000000000f68                z_prep_c
 .text.arch_new_thread
                0x0000000000000f90       0x38 zephyr/arch/arch/arm/core/cortex_m/libarch__arm__core__cortex_m.a(thread.c.obj)
                0x0000000000000f90                arch_new_thread
 .text.arch_switch_to_main_thread
                0x0000000000000fc8       0x40 zephyr/arch/arch/arm/core/cortex_m/libarch__arm__core__cortex_m.a(thread.c.obj)
                0x0000000000000fc8                arch_switch_to_main_thread
 .text.z_arm_cpu_idle_init
                0x0000000000001008        0xc zephyr/arch/arch/arm/core/cortex_m/libarch__arm__core__cortex_m.a(cpu_idle.c.obj)
                0x0000000000001008                z_arm_cpu_idle_init
 .text.z_arm_interrupt_init
                0x0000000000001014       0x18 zephyr/arch/arch/arm/core/cortex_m/libarch__arm__core__cortex_m.a(irq_init.c.obj)
                0x0000000000001014                z_arm_interrupt_init
 .text._isr_wrapper
                0x000000000000102c       0x24 zephyr/arch/arch/arm/core/cortex_m/libarch__arm__core__cortex_m.a(isr_wrapper.c.obj)
                0x000000000000102c                _isr_wrapper
 .text.z_arm_configure_static_mpu_regions
                0x0000000000001050       0x38 zephyr/arch/arch/arm/core/mpu/libarch__arm__core__mpu.a(arm_core_mpu.c.obj)
                0x0000000000001050                z_arm_configure_static_mpu_regions
 .text.region_init
                0x0000000000001088       0x34 zephyr/arch/arch/arm/core/mpu/libarch__arm__core__mpu.a(arm_mpu.c.obj)
 .text.region_allocate_and_init
                0x00000000000010bc       0x24 zephyr/arch/arch/arm/core/mpu/libarch__arm__core__mpu.a(arm_mpu.c.obj)
 .text.mpu_configure_regions_and_partition.constprop.0
                0x00000000000010e0      0x148 zephyr/arch/arch/arm/core/mpu/libarch__arm__core__mpu.a(arm_mpu.c.obj)
 .text.arm_core_mpu_enable
                0x0000000000001228       0x18 zephyr/arch/arch/arm/core/mpu/libarch__arm__core__mpu.a(arm_mpu.c.obj)
                0x0000000000001228                arm_core_mpu_enable
 .text.arm_core_mpu_disable
                0x0000000000001240       0x14 zephyr/arch/arch/arm/core/mpu/libarch__arm__core__mpu.a(arm_mpu.c.obj)
                0x0000000000001240                arm_core_mpu_disable
 .text.arm_core_mpu_configure_static_mpu_regions
                0x0000000000001254       0x14 zephyr/arch/arch/arm/core/mpu/libarch__arm__core__mpu.a(arm_mpu.c.obj)
                0x0000000000001254                arm_core_mpu_configure_static_mpu_regions
 .text.arm_core_mpu_mark_areas_for_dynamic_regions
                0x0000000000001268       0xb8 zephyr/arch/arch/arm/core/mpu/libarch__arm__core__mpu.a(arm_mpu.c.obj)
                0x0000000000001268                arm_core_mpu_mark_areas_for_dynamic_regions
 .text.z_arm_mpu_init
                0x0000000000001320      0x11c zephyr/arch/arch/arm/core/mpu/libarch__arm__core__mpu.a(arm_mpu.c.obj)
                0x0000000000001320                z_arm_mpu_init
 .text.z_impl_zephyr_fputc
                0x000000000000143c       0x10 zephyr/lib/libc/picolibc/liblib__libc__picolibc.a(stdio.c.obj)
                0x000000000000143c                z_impl_zephyr_fputc
 .text.__stdout_hook_install
                0x000000000000144c       0x18 zephyr/lib/libc/picolibc/liblib__libc__picolibc.a(stdio.c.obj)
                0x000000000000144c                __stdout_hook_install
 .text.malloc_prepare
                0x0000000000001464       0x24 zephyr/lib/libc/common/liblib__libc__common.a(malloc.c.obj)
 .text.nrf_gpio_pin_control_select.constprop.0
                0x0000000000001488       0x1c zephyr/soc/soc/nrf5340/libsoc__nordic.a(soc.c.obj)
 .text.z_arm_on_enter_cpu_idle
                0x00000000000014a4       0x64 zephyr/soc/soc/nrf5340/libsoc__nordic.a(soc.c.obj)
                0x00000000000014a4                z_arm_on_enter_cpu_idle
 .text.soc_early_init_hook
                0x0000000000001508       0x3c zephyr/soc/soc/nrf5340/libsoc__nordic.a(soc.c.obj)
                0x0000000000001508                soc_early_init_hook
 .text.soc_late_init_hook
                0x0000000000001544       0x58 zephyr/soc/soc/nrf5340/libsoc__nordic.a(soc.c.obj)
                0x0000000000001544                soc_late_init_hook
 .text.arch_busy_wait
                0x000000000000159c       0x24 zephyr/soc/soc/nrf5340/libsoc__nordic.a(soc.c.obj)
                0x000000000000159c                arch_busy_wait
 .text.assign_pins
                0x00000000000015c0       0x54 zephyr/soc/soc/nrf5340/libsoc__nordic.a(nrf53_cpunet_mgmt.c.obj)
 .text.onoff_start
                0x0000000000001614       0x70 zephyr/soc/soc/nrf5340/libsoc__nordic.a(nrf53_cpunet_mgmt.c.obj)
 .text.nrf53_cpunet_mgmt_init
                0x0000000000001684       0x10 zephyr/soc/soc/nrf5340/libsoc__nordic.a(nrf53_cpunet_mgmt.c.obj)
                0x0000000000001684                nrf53_cpunet_mgmt_init
 .text.onoff_stop
                0x0000000000001694       0x30 zephyr/drivers/clock_control/libdrivers__clock_control.a(clock_control_nrf.c.obj)
 .text.onoff_start
                0x00000000000016c4       0x44 zephyr/drivers/clock_control/libdrivers__clock_control.a(clock_control_nrf.c.obj)
 .text.generic_hfclk_stop
                0x0000000000001708       0x34 zephyr/drivers/clock_control/libdrivers__clock_control.a(clock_control_nrf.c.obj)
 .text.clk_init
                0x000000000000173c       0x70 zephyr/drivers/clock_control/libdrivers__clock_control.a(clock_control_nrf.c.obj)
 .text.api_blocking_start
                0x00000000000017ac       0x34 zephyr/drivers/clock_control/libdrivers__clock_control.a(clock_control_nrf.c.obj)
 .text.clkstarted_handle.constprop.0
                0x00000000000017e0       0x4c zephyr/drivers/clock_control/libdrivers__clock_control.a(clock_control_nrf.c.obj)
 .text.generic_hfclk_start
                0x000000000000182c       0x78 zephyr/drivers/clock_control/libdrivers__clock_control.a(clock_control_nrf.c.obj)
 .text.clock_event_handler
                0x00000000000018a4       0x34 zephyr/drivers/clock_control/libdrivers__clock_control.a(clock_control_nrf.c.obj)
 .text.z_nrf_clock_control_get_onoff
                0x00000000000018d8       0x10 zephyr/drivers/clock_control/libdrivers__clock_control.a(clock_control_nrf.c.obj)
                0x00000000000018d8                z_nrf_clock_control_get_onoff
 .text.z_nrf_clock_control_lf_on
                0x00000000000018e8       0xf8 zephyr/drivers/clock_control/libdrivers__clock_control.a(clock_control_nrf.c.obj)
                0x00000000000018e8                z_nrf_clock_control_lf_on
 .text.uart_console_init
                0x00000000000019e0       0x28 zephyr/drivers/console/libdrivers__console.a(uart_console.c.obj)
 .text.console_out
                0x0000000000001a08       0x28 zephyr/drivers/console/libdrivers__console.a(uart_console.c.obj)
 .text.gpio_nrfx_pin_interrupt_configure
                0x0000000000001a30      0x120 zephyr/drivers/gpio/libdrivers__gpio.a(gpio_nrfx.c.obj)
 .text.nrfx_gpio_handler
                0x0000000000001b50       0x4c zephyr/drivers/gpio/libdrivers__gpio.a(gpio_nrfx.c.obj)
 .text.gpio_nrfx_init
                0x0000000000001b9c       0x48 zephyr/drivers/gpio/libdrivers__gpio.a(gpio_nrfx.c.obj)
 .text.gpio_nrfx_pin_configure
                0x0000000000001be4      0x188 zephyr/drivers/gpio/libdrivers__gpio.a(gpio_nrfx.c.obj)
 .text.start_transfer
                0x0000000000001d6c       0xb0 zephyr/drivers/i2s/libdrivers__i2s.a(i2s_nrfx.c.obj)
 .text.i2s_nrfx_init0
                0x0000000000001e1c       0x68 zephyr/drivers/i2s/libdrivers__i2s.a(i2s_nrfx.c.obj)
 .text.data_handler0
                0x0000000000001e84      0x184 zephyr/drivers/i2s/libdrivers__i2s.a(i2s_nrfx.c.obj)
 .text.i2s_nrfx_configure
                0x0000000000002008      0x2c8 zephyr/drivers/i2s/libdrivers__i2s.a(i2s_nrfx.c.obj)
 .text.i2s_nrfx_trigger
                0x00000000000022d0      0x178 zephyr/drivers/i2s/libdrivers__i2s.a(i2s_nrfx.c.obj)
 .text.nrf_gpio_pin_port_decode
                0x0000000000002448       0x24 zephyr/drivers/pinctrl/libdrivers__pinctrl.a(pinctrl_nrf.c.obj)
 .text.pinctrl_configure_pins
                0x000000000000246c      0x1d8 zephyr/drivers/pinctrl/libdrivers__pinctrl.a(pinctrl_nrf.c.obj)
                0x000000000000246c                pinctrl_configure_pins
 .text.uarte_nrfx_poll_out
                0x0000000000002644       0xb4 zephyr/drivers/serial/libdrivers__serial.a(uart_nrfx_uarte.c.obj)
 .text.uarte_0_init
                0x00000000000026f8      0x100 zephyr/drivers/serial/libdrivers__serial.a(uart_nrfx_uarte.c.obj)
 .text.compare_int_lock
                0x00000000000027f8       0x40 zephyr/drivers/timer/libdrivers__timer.a(nrf_rtc_timer.c.obj)
 .text.sys_clock_timeout_handler
                0x0000000000002838       0x48 zephyr/drivers/timer/libdrivers__timer.a(nrf_rtc_timer.c.obj)
 .text.compare_int_unlock
                0x0000000000002880       0x4c zephyr/drivers/timer/libdrivers__timer.a(nrf_rtc_timer.c.obj)
 .text.z_nrf_rtc_timer_read
                0x00000000000028cc       0x44 zephyr/drivers/timer/libdrivers__timer.a(nrf_rtc_timer.c.obj)
                0x00000000000028cc                z_nrf_rtc_timer_read
 .text.compare_set
                0x0000000000002910      0x124 zephyr/drivers/timer/libdrivers__timer.a(nrf_rtc_timer.c.obj)
 .text.sys_clock_driver_init
                0x0000000000002a34       0x90 zephyr/drivers/timer/libdrivers__timer.a(nrf_rtc_timer.c.obj)
 .text.rtc_nrf_isr
                0x0000000000002ac4       0xd0 zephyr/drivers/timer/libdrivers__timer.a(nrf_rtc_timer.c.obj)
                0x0000000000002ac4                rtc_nrf_isr
 .text.sys_clock_set_timeout
                0x0000000000002b94       0x5c zephyr/drivers/timer/libdrivers__timer.a(nrf_rtc_timer.c.obj)
                0x0000000000002b94                sys_clock_set_timeout
 .text.sys_clock_elapsed
                0x0000000000002bf0       0x14 zephyr/drivers/timer/libdrivers__timer.a(nrf_rtc_timer.c.obj)
                0x0000000000002bf0                sys_clock_elapsed
 .text.nrf53_errata_42
                0x0000000000002c04       0x24 modules/hal_nordic/modules/hal_nordic/nrfx/libmodules__hal_nordic__nrfx.a(system_nrf5340_application.c.obj)
 .text.SystemInit
                0x0000000000002c28      0x1c4 modules/hal_nordic/modules/hal_nordic/nrfx/libmodules__hal_nordic__nrfx.a(system_nrf5340_application.c.obj)
                0x0000000000002c28                SystemInit
 .text.nrfx_flag32_alloc
                0x0000000000002dec       0x40 modules/hal_nordic/modules/hal_nordic/nrfx/libmodules__hal_nordic__nrfx.a(nrfx_flag32_allocator.c.obj)
                0x0000000000002dec                nrfx_flag32_alloc
 .text.nrfx_flag32_free
                0x0000000000002e2c       0x38 modules/hal_nordic/modules/hal_nordic/nrfx/libmodules__hal_nordic__nrfx.a(nrfx_flag32_allocator.c.obj)
                0x0000000000002e2c                nrfx_flag32_free
 .text.nrfx_gppi_channels_enable
                0x0000000000002e64        0xc modules/hal_nordic/modules/hal_nordic/nrfx/libmodules__hal_nordic__nrfx.a(nrfx_gppi_dppi.c.obj)
                0x0000000000002e64                nrfx_gppi_channels_enable
 .text.nrfx_gppi_channel_alloc
                0x0000000000002e70        0xc modules/hal_nordic/modules/hal_nordic/nrfx/libmodules__hal_nordic__nrfx.a(nrfx_gppi_dppi.c.obj)
                0x0000000000002e70                nrfx_gppi_channel_alloc
 .text.clock_stop
                0x0000000000002e7c       0xf4 modules/hal_nordic/modules/hal_nordic/nrfx/libmodules__hal_nordic__nrfx.a(nrfx_clock.c.obj)
 .text.nrfx_clock_init
                0x0000000000002f70       0x20 modules/hal_nordic/modules/hal_nordic/nrfx/libmodules__hal_nordic__nrfx.a(nrfx_clock.c.obj)
                0x0000000000002f70                nrfx_clock_init
 .text.nrfx_clock_enable
                0x0000000000002f90       0x30 modules/hal_nordic/modules/hal_nordic/nrfx/libmodules__hal_nordic__nrfx.a(nrfx_clock.c.obj)
                0x0000000000002f90                nrfx_clock_enable
 .text.nrfx_clock_start
                0x0000000000002fc0       0xd0 modules/hal_nordic/modules/hal_nordic/nrfx/libmodules__hal_nordic__nrfx.a(nrfx_clock.c.obj)
                0x0000000000002fc0                nrfx_clock_start
 .text.nrfx_power_clock_irq_handler
                0x0000000000003090       0x70 modules/hal_nordic/modules/hal_nordic/nrfx/libmodules__hal_nordic__nrfx.a(nrfx_clock.c.obj)
                0x0000000000003090                nrfx_power_clock_irq_handler
 .text.nrfx_dppi_channel_alloc
                0x0000000000003100       0x10 modules/hal_nordic/modules/hal_nordic/nrfx/libmodules__hal_nordic__nrfx.a(nrfx_dppi.c.obj)
                0x0000000000003100                nrfx_dppi_channel_alloc
 .text.nrf_gpio_pin_port_decode
                0x0000000000003110       0x24 modules/hal_nordic/modules/hal_nordic/nrfx/libmodules__hal_nordic__nrfx.a(nrfx_gpiote.c.obj)
 .text.get_pin_idx
                0x0000000000003134       0x14 modules/hal_nordic/modules/hal_nordic/nrfx/libmodules__hal_nordic__nrfx.a(nrfx_gpiote.c.obj)
 .text.call_handler.constprop.0
                0x0000000000003148       0x40 modules/hal_nordic/modules/hal_nordic/nrfx/libmodules__hal_nordic__nrfx.a(nrfx_gpiote.c.obj)
 .text.pin_te_get.constprop.0
                0x0000000000003188       0x18 modules/hal_nordic/modules/hal_nordic/nrfx/libmodules__hal_nordic__nrfx.a(nrfx_gpiote.c.obj)
 .text.pin_is_output.constprop.0
                0x00000000000031a0       0x18 modules/hal_nordic/modules/hal_nordic/nrfx/libmodules__hal_nordic__nrfx.a(nrfx_gpiote.c.obj)
 .text.pin_in_use_by_te.constprop.0
                0x00000000000031b8       0x18 modules/hal_nordic/modules/hal_nordic/nrfx/libmodules__hal_nordic__nrfx.a(nrfx_gpiote.c.obj)
 .text.latch_pending_read_and_check
                0x00000000000031d0       0x3c modules/hal_nordic/modules/hal_nordic/nrfx/libmodules__hal_nordic__nrfx.a(nrfx_gpiote.c.obj)
 .text.release_handler.isra.0
                0x000000000000320c       0x58 modules/hal_nordic/modules/hal_nordic/nrfx/libmodules__hal_nordic__nrfx.a(nrfx_gpiote.c.obj)
 .text.__nrfy_internal_gpiote_events_process.constprop.0
                0x0000000000003264       0x5c modules/hal_nordic/modules/hal_nordic/nrfx/libmodules__hal_nordic__nrfx.a(nrfx_gpiote.c.obj)
 .text.pin_uninit
                0x00000000000032c0       0x84 modules/hal_nordic/modules/hal_nordic/nrfx/libmodules__hal_nordic__nrfx.a(nrfx_gpiote.c.obj)
 .text.nrfx_gpiote_input_configure
                0x0000000000003344      0x178 modules/hal_nordic/modules/hal_nordic/nrfx/libmodules__hal_nordic__nrfx.a(nrfx_gpiote.c.obj)
                0x0000000000003344                nrfx_gpiote_input_configure
 .text.nrfx_gpiote_output_configure
                0x00000000000034bc      0x104 modules/hal_nordic/modules/hal_nordic/nrfx/libmodules__hal_nordic__nrfx.a(nrfx_gpiote.c.obj)
                0x00000000000034bc                nrfx_gpiote_output_configure
 .text.nrfx_gpiote_global_callback_set
                0x00000000000035c0        0xc modules/hal_nordic/modules/hal_nordic/nrfx/libmodules__hal_nordic__nrfx.a(nrfx_gpiote.c.obj)
                0x00000000000035c0                nrfx_gpiote_global_callback_set
 .text.nrfx_gpiote_channel_get
                0x00000000000035cc       0x34 modules/hal_nordic/modules/hal_nordic/nrfx/libmodules__hal_nordic__nrfx.a(nrfx_gpiote.c.obj)
                0x00000000000035cc                nrfx_gpiote_channel_get
 .text.nrfx_gpiote_init
                0x0000000000003600       0x64 modules/hal_nordic/modules/hal_nordic/nrfx/libmodules__hal_nordic__nrfx.a(nrfx_gpiote.c.obj)
                0x0000000000003600                nrfx_gpiote_init
 .text.nrfx_gpiote_init_check
                0x0000000000003664       0x14 modules/hal_nordic/modules/hal_nordic/nrfx/libmodules__hal_nordic__nrfx.a(nrfx_gpiote.c.obj)
                0x0000000000003664                nrfx_gpiote_init_check
 .text.nrfx_gpiote_channel_free
                0x0000000000003678        0xc modules/hal_nordic/modules/hal_nordic/nrfx/libmodules__hal_nordic__nrfx.a(nrfx_gpiote.c.obj)
                0x0000000000003678                nrfx_gpiote_channel_free
 .text.nrfx_gpiote_channel_alloc
                0x0000000000003684        0xc modules/hal_nordic/modules/hal_nordic/nrfx/libmodules__hal_nordic__nrfx.a(nrfx_gpiote.c.obj)
                0x0000000000003684                nrfx_gpiote_channel_alloc
 .text.nrfx_gpiote_trigger_enable
                0x0000000000003690       0xac modules/hal_nordic/modules/hal_nordic/nrfx/libmodules__hal_nordic__nrfx.a(nrfx_gpiote.c.obj)
                0x0000000000003690                nrfx_gpiote_trigger_enable
 .text.nrfx_gpiote_0_irq_handler
                0x000000000000373c      0x1b4 modules/hal_nordic/modules/hal_nordic/nrfx/libmodules__hal_nordic__nrfx.a(nrfx_gpiote.c.obj)
                0x000000000000373c                nrfx_gpiote_0_irq_handler
 .text.nrf_gpio_cfg.constprop.0
                0x00000000000038f0       0x44 modules/hal_nordic/modules/hal_nordic/nrfx/libmodules__hal_nordic__nrfx.a(nrfx_i2s.c.obj)
 .text.nrfx_i2s_init
                0x0000000000003934      0x1a4 modules/hal_nordic/modules/hal_nordic/nrfx/libmodules__hal_nordic__nrfx.a(nrfx_i2s.c.obj)
                0x0000000000003934                nrfx_i2s_init
 .text.nrfx_i2s_start
                0x0000000000003ad8       0xe8 modules/hal_nordic/modules/hal_nordic/nrfx/libmodules__hal_nordic__nrfx.a(nrfx_i2s.c.obj)
                0x0000000000003ad8                nrfx_i2s_start
 .text.nrfx_i2s_next_buffers_set
                0x0000000000003bc0       0x84 modules/hal_nordic/modules/hal_nordic/nrfx/libmodules__hal_nordic__nrfx.a(nrfx_i2s.c.obj)
                0x0000000000003bc0                nrfx_i2s_next_buffers_set
 .text.nrfx_i2s_stop
                0x0000000000003c44       0x24 modules/hal_nordic/modules/hal_nordic/nrfx/libmodules__hal_nordic__nrfx.a(nrfx_i2s.c.obj)
                0x0000000000003c44                nrfx_i2s_stop
 .text.nrfx_i2s_uninit
                0x0000000000003c68       0x7c modules/hal_nordic/modules/hal_nordic/nrfx/libmodules__hal_nordic__nrfx.a(nrfx_i2s.c.obj)
                0x0000000000003c68                nrfx_i2s_uninit
 .text.nrfx_i2s_0_irq_handler
                0x0000000000003ce4      0x120 modules/hal_nordic/modules/hal_nordic/nrfx/libmodules__hal_nordic__nrfx.a(nrfx_i2s.c.obj)
                0x0000000000003ce4                nrfx_i2s_0_irq_handler
 .text.z_fatal_error
                0x0000000000003e04       0x30 zephyr/kernel/libkernel.a(fatal.c.obj)
                0x0000000000003e04                z_fatal_error
 .text.z_sys_init_run_level
                0x0000000000003e34       0x30 zephyr/kernel/libkernel.a(init.c.obj)
 .text.bg_thread_main
                0x0000000000003e64       0xc4 zephyr/kernel/libkernel.a(init.c.obj)
 .text.z_bss_zero
                0x0000000000003f28       0x18 zephyr/kernel/libkernel.a(init.c.obj)
                0x0000000000003f28                z_bss_zero
 .text.z_init_cpu
                0x0000000000003f40       0x68 zephyr/kernel/libkernel.a(init.c.obj)
                0x0000000000003f40                z_init_cpu
 .text.z_cstart
                0x0000000000003fa8       0xd4 zephyr/kernel/libkernel.a(init.c.obj)
                0x0000000000003fa8                z_cstart
 .text.init_mem_slab_obj_core_list
                0x000000000000407c       0x24 zephyr/kernel/libkernel.a(mem_slab.c.obj)
 .text.k_mem_slab_alloc
                0x00000000000040a0       0x5c zephyr/kernel/libkernel.a(mem_slab.c.obj)
                0x00000000000040a0                k_mem_slab_alloc
 .text.z_impl_k_msgq_put
                0x00000000000040fc       0xb0 zephyr/kernel/libkernel.a(msg_q.c.obj)
                0x00000000000040fc                z_impl_k_msgq_put
 .text.z_impl_k_msgq_get
                0x00000000000041ac       0xc4 zephyr/kernel/libkernel.a(msg_q.c.obj)
                0x00000000000041ac                z_impl_k_msgq_get
 .text.z_impl_k_mutex_lock
                0x0000000000004270       0xf0 zephyr/kernel/libkernel.a(mutex.c.obj)
                0x0000000000004270                z_impl_k_mutex_lock
 .text.z_impl_k_mutex_unlock
                0x0000000000004360       0xa0 zephyr/kernel/libkernel.a(mutex.c.obj)
                0x0000000000004360                z_impl_k_mutex_unlock
 .text.z_impl_k_sem_give
                0x0000000000004400       0x68 zephyr/kernel/libkernel.a(sem.c.obj)
                0x0000000000004400                z_impl_k_sem_give
 .text.z_impl_k_sem_take
                0x0000000000004468       0x4c zephyr/kernel/libkernel.a(sem.c.obj)
                0x0000000000004468                z_impl_k_sem_take
 .text.z_setup_new_thread
                0x00000000000044b4       0x7c zephyr/kernel/libkernel.a(thread.c.obj)
                0x00000000000044b4                z_setup_new_thread
 .text.z_dummy_thread_init
                0x0000000000004530       0x18 zephyr/kernel/libkernel.a(thread.c.obj)
                0x0000000000004530                z_dummy_thread_init
 .text.z_swap_irqlock
                0x0000000000004548       0x30 zephyr/kernel/libkernel.a(sched.c.obj)
 .text.ready_thread
                0x0000000000004578       0x84 zephyr/kernel/libkernel.a(sched.c.obj)
 .text.unready_thread
                0x00000000000045fc       0x54 zephyr/kernel/libkernel.a(sched.c.obj)
 .text.add_thread_timeout
                0x0000000000004650       0x1c zephyr/kernel/libkernel.a(sched.c.obj)
 .text.move_thread_to_end_of_prio_q
                0x000000000000466c       0x90 zephyr/kernel/libkernel.a(sched.c.obj)
                0x000000000000466c                move_thread_to_end_of_prio_q
 .text.z_pend_curr
                0x00000000000046fc       0x44 zephyr/kernel/libkernel.a(sched.c.obj)
                0x00000000000046fc                z_pend_curr
 .text.z_thread_prio_set
                0x0000000000004740       0xe4 zephyr/kernel/libkernel.a(sched.c.obj)
                0x0000000000004740                z_thread_prio_set
 .text.z_reschedule
                0x0000000000004824       0x24 zephyr/kernel/libkernel.a(sched.c.obj)
                0x0000000000004824                z_reschedule
 .text.z_reschedule_irqlock
                0x0000000000004848       0x28 zephyr/kernel/libkernel.a(sched.c.obj)
                0x0000000000004848                z_reschedule_irqlock
 .text.k_sched_lock
                0x0000000000004870       0x28 zephyr/kernel/libkernel.a(sched.c.obj)
                0x0000000000004870                k_sched_lock
 .text.k_sched_unlock
                0x0000000000004898       0x68 zephyr/kernel/libkernel.a(sched.c.obj)
                0x0000000000004898                k_sched_unlock
 .text.z_sched_init
                0x0000000000004900       0x10 zephyr/kernel/libkernel.a(sched.c.obj)
                0x0000000000004900                z_sched_init
 .text.z_impl_k_yield
                0x0000000000004910       0x88 zephyr/kernel/libkernel.a(sched.c.obj)
                0x0000000000004910                z_impl_k_yield
 .text.z_tick_sleep
                0x0000000000004998       0x78 zephyr/kernel/libkernel.a(sched.c.obj)
 .text.z_impl_k_wakeup
                0x0000000000004a10       0x48 zephyr/kernel/libkernel.a(sched.c.obj)
                0x0000000000004a10                z_impl_k_wakeup
 .text.z_impl_k_sched_current_thread_query
                0x0000000000004a58        0xc zephyr/kernel/libkernel.a(sched.c.obj)
                0x0000000000004a58                z_impl_k_sched_current_thread_query
 .text.z_thread_abort
                0x0000000000004a64      0x138 zephyr/kernel/libkernel.a(sched.c.obj)
                0x0000000000004a64                z_thread_abort
 .text.slice_timeout
                0x0000000000004b9c       0x20 zephyr/kernel/libkernel.a(timeslicing.c.obj)
 .text.thread_is_sliceable
                0x0000000000004bbc       0x3c zephyr/kernel/libkernel.a(timeslicing.c.obj)
                0x0000000000004bbc                thread_is_sliceable
 .text.z_reset_time_slice
                0x0000000000004bf8       0x50 zephyr/kernel/libkernel.a(timeslicing.c.obj)
                0x0000000000004bf8                z_reset_time_slice
 .text.z_time_slice
                0x0000000000004c48       0x60 zephyr/kernel/libkernel.a(timeslicing.c.obj)
                0x0000000000004c48                z_time_slice
 .text.z_data_copy
                0x0000000000004ca8       0x38 zephyr/kernel/libkernel.a(xip.c.obj)
                0x0000000000004ca8                z_data_copy
 .text.first    0x0000000000004ce0       0x10 zephyr/kernel/libkernel.a(timeout.c.obj)
 .text.elapsed  0x0000000000004cf0       0x14 zephyr/kernel/libkernel.a(timeout.c.obj)
 .text.remove_timeout
                0x0000000000004d04       0x38 zephyr/kernel/libkernel.a(timeout.c.obj)
 .text.z_add_timeout
                0x0000000000004d3c      0x124 zephyr/kernel/libkernel.a(timeout.c.obj)
                0x0000000000004d3c                z_add_timeout
 .text.sys_clock_announce
                0x0000000000004e60       0xbc zephyr/kernel/libkernel.a(timeout.c.obj)
                0x0000000000004e60                sys_clock_announce
 .text.sys_clock_tick_get
                0x0000000000004f1c       0x30 zephyr/kernel/libkernel.a(timeout.c.obj)
                0x0000000000004f1c                sys_clock_tick_get
 .text.statics_init
                0x0000000000004f4c       0x24 zephyr/kernel/libkernel.a(kheap.c.obj)
 .text.nrf_cc3xx_platform_init_no_rng
                0x0000000000004f70       0x38 /home/mnohem/ncs/nrfxlib/crypto/nrf_cc312_platform/lib/cortex-m33/soft-float/no-interrupts/libnrf_cc312_platform_0.9.19.a(nrf_cc3xx_platform.c.obj)
                0x0000000000004f70                nrf_cc3xx_platform_init_no_rng
 .text.nrf_cc3xx_platform_abort
                0x0000000000004fa8       0x24 /home/mnohem/ncs/nrfxlib/crypto/nrf_cc312_platform/lib/cortex-m33/soft-float/no-interrupts/libnrf_cc312_platform_0.9.19.a(nrf_cc3xx_platform_abort.c.obj)
 .text.CC_PalAbort
                0x0000000000004fcc       0x44 /home/mnohem/ncs/nrfxlib/crypto/nrf_cc312_platform/lib/cortex-m33/soft-float/no-interrupts/libnrf_cc312_platform_0.9.19.a(nrf_cc3xx_platform_abort.c.obj)
                0x0000000000004fcc                CC_PalAbort
 .text.nrf_cc3xx_platform_set_abort
                0x0000000000005010       0x10 /home/mnohem/ncs/nrfxlib/crypto/nrf_cc312_platform/lib/cortex-m33/soft-float/no-interrupts/libnrf_cc312_platform_0.9.19.a(nrf_cc3xx_platform_abort.c.obj)
                0x0000000000005010                nrf_cc3xx_platform_set_abort
 .text.mutex_free
                0x0000000000005020       0x34 /home/mnohem/ncs/nrfxlib/crypto/nrf_cc312_platform/lib/cortex-m33/soft-float/no-interrupts/libnrf_cc312_platform_0.9.19.a(nrf_cc3xx_platform_mutex.c.obj)
 .text.mutex_lock
                0x0000000000005054       0x48 /home/mnohem/ncs/nrfxlib/crypto/nrf_cc312_platform/lib/cortex-m33/soft-float/no-interrupts/libnrf_cc312_platform_0.9.19.a(nrf_cc3xx_platform_mutex.c.obj)
 .text.mutex_unlock
                0x000000000000509c       0x38 /home/mnohem/ncs/nrfxlib/crypto/nrf_cc312_platform/lib/cortex-m33/soft-float/no-interrupts/libnrf_cc312_platform_0.9.19.a(nrf_cc3xx_platform_mutex.c.obj)
 .text.mutex_init
                0x00000000000050d4       0x20 /home/mnohem/ncs/nrfxlib/crypto/nrf_cc312_platform/lib/cortex-m33/soft-float/no-interrupts/libnrf_cc312_platform_0.9.19.a(nrf_cc3xx_platform_mutex.c.obj)
 .text.nrf_cc3xx_platform_set_mutexes
                0x00000000000050f4       0x78 /home/mnohem/ncs/nrfxlib/crypto/nrf_cc312_platform/lib/cortex-m33/soft-float/no-interrupts/libnrf_cc312_platform_0.9.19.a(nrf_cc3xx_platform_mutex.c.obj)
                0x00000000000050f4                nrf_cc3xx_platform_set_mutexes
 .text.CC_LibInitNoRng
                0x000000000000516c       0x28 /home/mnohem/ncs/nrfxlib/crypto/nrf_cc312_platform/lib/cortex-m33/soft-float/no-interrupts/libnrf_cc312_platform_0.9.19.a(cc_lib.c.obj)
                0x000000000000516c                CC_LibInitNoRng
 .text.CC_HalInit
                0x0000000000005194        0x4 /home/mnohem/ncs/nrfxlib/crypto/nrf_cc312_platform/lib/cortex-m33/soft-float/no-interrupts/libnrf_cc312_platform_0.9.19.a(cc_hal.c.obj)
                0x0000000000005194                CC_HalInit
 .text.CC_PalInit
                0x0000000000005198       0x5c /home/mnohem/ncs/nrfxlib/crypto/nrf_cc312_platform/lib/cortex-m33/soft-float/no-interrupts/libnrf_cc312_platform_0.9.19.a(cc_pal.c.obj)
                0x0000000000005198                CC_PalInit
 .text.CC_PalTerminate
                0x00000000000051f4       0x34 /home/mnohem/ncs/nrfxlib/crypto/nrf_cc312_platform/lib/cortex-m33/soft-float/no-interrupts/libnrf_cc312_platform_0.9.19.a(cc_pal.c.obj)
                0x00000000000051f4                CC_PalTerminate
 .text.CC_PalDmaInit
                0x0000000000005228        0x4 /home/mnohem/ncs/nrfxlib/crypto/nrf_cc312_platform/lib/cortex-m33/soft-float/no-interrupts/libnrf_cc312_platform_0.9.19.a(cc_pal_dma.c.obj)
                0x0000000000005228                CC_PalDmaInit
 .text.CC_PalDmaTerminate
                0x000000000000522c        0x4 /home/mnohem/ncs/nrfxlib/crypto/nrf_cc312_platform/lib/cortex-m33/soft-float/no-interrupts/libnrf_cc312_platform_0.9.19.a(cc_pal_dma.c.obj)
                0x000000000000522c                CC_PalDmaTerminate
 .text.CC_PalMutexCreate
                0x0000000000005230       0x14 /home/mnohem/ncs/nrfxlib/crypto/nrf_cc312_platform/lib/cortex-m33/soft-float/no-interrupts/libnrf_cc312_platform_0.9.19.a(cc_pal_mutex.c.obj)
                0x0000000000005230                CC_PalMutexCreate
 .text.CC_PalMutexDestroy
                0x0000000000005244       0x14 /home/mnohem/ncs/nrfxlib/crypto/nrf_cc312_platform/lib/cortex-m33/soft-float/no-interrupts/libnrf_cc312_platform_0.9.19.a(cc_pal_mutex.c.obj)
                0x0000000000005244                CC_PalMutexDestroy
 .text.CC_PalPowerSaveModeInit
                0x0000000000005258       0x3c /home/mnohem/ncs/nrfxlib/crypto/nrf_cc312_platform/lib/cortex-m33/soft-float/no-interrupts/libnrf_cc312_platform_0.9.19.a(cc_pal_pm.c.obj)
                0x0000000000005258                CC_PalPowerSaveModeInit
 .text.printf   0x0000000000005294       0x24 /home/mnohem/ncs/toolchains/7cbc0036f4/opt/zephyr-sdk/arm-zephyr-eabi/bin/../lib/gcc/../../picolibc/arm-zephyr-eabi/lib/thumb/v8-m.main/nofp/libc.a(libc_tinystdio_printf.c.o)
                0x0000000000005294                printf
 .text.puts     0x00000000000052b8       0x40 /home/mnohem/ncs/toolchains/7cbc0036f4/opt/zephyr-sdk/arm-zephyr-eabi/bin/../lib/gcc/../../picolibc/arm-zephyr-eabi/lib/thumb/v8-m.main/nofp/libc.a(libc_tinystdio_puts.c.o)
                0x00000000000052b8                puts
 .text.__l_vfprintf
                0x00000000000052f8      0x4b4 /home/mnohem/ncs/toolchains/7cbc0036f4/opt/zephyr-sdk/arm-zephyr-eabi/bin/../lib/gcc/../../picolibc/arm-zephyr-eabi/lib/thumb/v8-m.main/nofp/libc.a(libc_tinystdio_vflprintf.c.o)
                0x00000000000052f8                __l_vfprintf
 .text._OffsetAbsSyms
                0x00000000000057ac        0x2 zephyr/CMakeFiles/offsets.dir/./arch/arm/core/offsets/offsets.c.obj
                0x00000000000057ac                _OffsetAbsSyms
 .text.chunk_field
                0x00000000000057ae       0x16 zephyr/libzephyr.a(heap.c.obj)
 .text.chunk_set
                0x00000000000057c4       0x16 zephyr/libzephyr.a(heap.c.obj)
 .text.chunk_size
                0x00000000000057da        0xc zephyr/libzephyr.a(heap.c.obj)
 .text.set_chunk_used
                0x00000000000057e6       0x30 zephyr/libzephyr.a(heap.c.obj)
 .text.set_chunk_size
                0x0000000000005816        0x8 zephyr/libzephyr.a(heap.c.obj)
 .text.bucket_idx.isra.0
                0x000000000000581e       0x1c zephyr/libzephyr.a(heap.c.obj)
 .text.free_list_add
                0x000000000000583a       0x84 zephyr/libzephyr.a(heap.c.obj)
 .text.sys_heap_init
                0x00000000000058be       0xb0 zephyr/libzephyr.a(heap.c.obj)
                0x00000000000058be                sys_heap_init
 .text.arch_printk_char_out
                0x000000000000596e        0x4 zephyr/libzephyr.a(printk.c.obj)
                0x000000000000596e                arch_printk_char_out
 .text.printk   0x0000000000005972       0x1a zephyr/libzephyr.a(printk.c.obj)
                0x0000000000005972                printk
 .text.process_recheck
                0x000000000000598c       0x38 zephyr/libzephyr.a(onoff.c.obj)
 .text.validate_args
                0x00000000000059c4       0x20 zephyr/libzephyr.a(onoff.c.obj)
 .text.notify_one
                0x00000000000059e4       0x2c zephyr/libzephyr.a(onoff.c.obj)
 .text.transition_complete
                0x0000000000005a10       0x1a zephyr/libzephyr.a(onoff.c.obj)
 .text.onoff_manager_init
                0x0000000000005a2a       0x26 zephyr/libzephyr.a(onoff.c.obj)
                0x0000000000005a2a                onoff_manager_init
 .text.onoff_request
                0x0000000000005a50       0xae zephyr/libzephyr.a(onoff.c.obj)
                0x0000000000005a50                onoff_request
 .text.onoff_release
                0x0000000000005afe       0x48 zephyr/libzephyr.a(onoff.c.obj)
                0x0000000000005afe                onoff_release
 .text.sys_notify_validate
                0x0000000000005b46       0x22 zephyr/libzephyr.a(notify.c.obj)
                0x0000000000005b46                sys_notify_validate
 .text.sys_notify_finalize
                0x0000000000005b68       0x1a zephyr/libzephyr.a(notify.c.obj)
                0x0000000000005b68                sys_notify_finalize
 .text._ConfigAbsSyms
                0x0000000000005b82        0x2 zephyr/libzephyr.a(configs.c.obj)
                0x0000000000005b82                _ConfigAbsSyms
 .text.abort_function
                0x0000000000005b84        0x2 zephyr/libzephyr.a(nrf_cc3xx_platform_abort_zephyr.c.obj)
 .text.z_arm_fatal_error
                0x0000000000005b86        0xc zephyr/arch/arch/arm/core/libarch__arm__core.a(fatal.c.obj)
                0x0000000000005b86                z_arm_fatal_error
 .text.z_do_kernel_oops
                0x0000000000005b92        0x8 zephyr/arch/arch/arm/core/libarch__arm__core.a(fatal.c.obj)
                0x0000000000005b92                z_do_kernel_oops
 .text.z_arm_nmi
                0x0000000000005b9a        0xe zephyr/arch/arch/arm/core/libarch__arm__core.a(nmi.c.obj)
                0x0000000000005b9a                z_arm_nmi
 .text.z_irq_spurious
                0x0000000000005ba8        0x8 zephyr/arch/arch/arm/core/cortex_m/libarch__arm__core__cortex_m.a(irq_manage.c.obj)
                0x0000000000005ba8                z_irq_spurious
 .text.configure_builtin_stack_guard
                0x0000000000005bb0        0x8 zephyr/arch/arch/arm/core/cortex_m/libarch__arm__core__cortex_m.a(thread.c.obj)
                0x0000000000005bb0                configure_builtin_stack_guard
 .text.arch_irq_unlock_outlined
                0x0000000000005bb8        0xe zephyr/arch/arch/arm/core/cortex_m/libarch__arm__core__cortex_m.a(thread.c.obj)
                0x0000000000005bb8                arch_irq_unlock_outlined
 .text.arch_cpu_idle
                0x0000000000005bc6       0x32 zephyr/arch/arch/arm/core/cortex_m/libarch__arm__core__cortex_m.a(cpu_idle.c.obj)
                0x0000000000005bc6                arch_cpu_idle
 .text.arch_cpu_atomic_idle
                0x0000000000005bf8       0x38 zephyr/arch/arch/arm/core/cortex_m/libarch__arm__core__cortex_m.a(cpu_idle.c.obj)
                0x0000000000005bf8                arch_cpu_atomic_idle
 .text.arm_cmse_mpu_region_get
                0x0000000000005c30       0x12 zephyr/arch/arch/arm/core/cortex_m/cmse/libarch__arm__core__cortex_m__cmse.a(arm_core_cmse.c.obj)
                0x0000000000005c30                arm_cmse_mpu_region_get
 .text.mpu_configure_region
                0x0000000000005c42       0x32 zephyr/arch/arch/arm/core/mpu/libarch__arm__core__mpu.a(arm_mpu.c.obj)
 .text.picolibc_put
                0x0000000000005c74        0xa zephyr/lib/libc/picolibc/liblib__libc__picolibc.a(stdio.c.obj)
 .text.onoff_stop
                0x0000000000005c7e       0x22 zephyr/soc/soc/nrf5340/libsoc__nordic.a(nrf53_cpunet_mgmt.c.obj)
 .text.get_status
                0x0000000000005ca0       0x12 zephyr/drivers/clock_control/libdrivers__clock_control.a(clock_control_nrf.c.obj)
 .text.stop     0x0000000000005cb2       0x52 zephyr/drivers/clock_control/libdrivers__clock_control.a(clock_control_nrf.c.obj)
 .text.api_stop
                0x0000000000005d04        0x6 zephyr/drivers/clock_control/libdrivers__clock_control.a(clock_control_nrf.c.obj)
 .text.async_start
                0x0000000000005d0a       0x5c zephyr/drivers/clock_control/libdrivers__clock_control.a(clock_control_nrf.c.obj)
 .text.api_start
                0x0000000000005d66        0xe zephyr/drivers/clock_control/libdrivers__clock_control.a(clock_control_nrf.c.obj)
 .text.onoff_started_callback
                0x0000000000005d74       0x12 zephyr/drivers/clock_control/libdrivers__clock_control.a(clock_control_nrf.c.obj)
 .text.hfclkaudio_start
                0x0000000000005d86        0x6 zephyr/drivers/clock_control/libdrivers__clock_control.a(clock_control_nrf.c.obj)
 .text.hfclk192m_start
                0x0000000000005d8c        0x6 zephyr/drivers/clock_control/libdrivers__clock_control.a(clock_control_nrf.c.obj)
 .text.lfclk_start
                0x0000000000005d92        0x6 zephyr/drivers/clock_control/libdrivers__clock_control.a(clock_control_nrf.c.obj)
 .text.hfclkaudio_stop
                0x0000000000005d98        0x6 zephyr/drivers/clock_control/libdrivers__clock_control.a(clock_control_nrf.c.obj)
 .text.hfclk192m_stop
                0x0000000000005d9e        0x6 zephyr/drivers/clock_control/libdrivers__clock_control.a(clock_control_nrf.c.obj)
 .text.lfclk_stop
                0x0000000000005da4        0x6 zephyr/drivers/clock_control/libdrivers__clock_control.a(clock_control_nrf.c.obj)
 .text.blocking_start_callback
                0x0000000000005daa        0x6 zephyr/drivers/clock_control/libdrivers__clock_control.a(clock_control_nrf.c.obj)
 .text.gpio_nrfx_port_get_raw
                0x0000000000005db0        0xc zephyr/drivers/gpio/libdrivers__gpio.a(gpio_nrfx.c.obj)
 .text.gpio_nrfx_port_set_masked_raw
                0x0000000000005dbc       0x14 zephyr/drivers/gpio/libdrivers__gpio.a(gpio_nrfx.c.obj)
 .text.gpio_nrfx_port_set_bits_raw
                0x0000000000005dd0        0xa zephyr/drivers/gpio/libdrivers__gpio.a(gpio_nrfx.c.obj)
 .text.gpio_nrfx_port_clear_bits_raw
                0x0000000000005dda        0xa zephyr/drivers/gpio/libdrivers__gpio.a(gpio_nrfx.c.obj)
 .text.gpio_nrfx_port_toggle_bits
                0x0000000000005de4       0x14 zephyr/drivers/gpio/libdrivers__gpio.a(gpio_nrfx.c.obj)
 .text.gpio_nrfx_manage_callback
                0x0000000000005df8       0x52 zephyr/drivers/gpio/libdrivers__gpio.a(gpio_nrfx.c.obj)
 .text.i2s_nrfx_config_get
                0x0000000000005e4a       0x2c zephyr/drivers/i2s/libdrivers__i2s.a(i2s_nrfx.c.obj)
 .text.get_next_tx_buffer
                0x0000000000005e76       0x26 zephyr/drivers/i2s/libdrivers__i2s.a(i2s_nrfx.c.obj)
 .text.clock_started_callback
                0x0000000000005e9c       0x2a zephyr/drivers/i2s/libdrivers__i2s.a(i2s_nrfx.c.obj)
 .text.supply_next_buffers
                0x0000000000005ec6       0x54 zephyr/drivers/i2s/libdrivers__i2s.a(i2s_nrfx.c.obj)
 .text.i2s_nrfx_write
                0x0000000000005f1a       0x9e zephyr/drivers/i2s/libdrivers__i2s.a(i2s_nrfx.c.obj)
 .text.purge_queue.isra.0
                0x0000000000005fb8       0x52 zephyr/drivers/i2s/libdrivers__i2s.a(i2s_nrfx.c.obj)
 .text.i2s_nrfx_read
                0x000000000000600a       0x74 zephyr/drivers/i2s/libdrivers__i2s.a(i2s_nrfx.c.obj)
 .text.pinctrl_lookup_state
                0x000000000000607e       0x26 zephyr/drivers/pinctrl/libdrivers__pinctrl.a(common.c.obj)
                0x000000000000607e                pinctrl_lookup_state
 .text.uarte_nrfx_err_check
                0x00000000000060a4        0xe zephyr/drivers/serial/libdrivers__serial.a(uart_nrfx_uarte.c.obj)
 .text.uarte_nrfx_poll_in
                0x00000000000060b2       0x26 zephyr/drivers/serial/libdrivers__serial.a(uart_nrfx_uarte.c.obj)
 .text.is_tx_ready.isra.0
                0x00000000000060d8       0x20 zephyr/drivers/serial/libdrivers__serial.a(uart_nrfx_uarte.c.obj)
 .text.uarte_nrfx_isr_int
                0x00000000000060f8       0x42 zephyr/drivers/serial/libdrivers__serial.a(uart_nrfx_uarte.c.obj)
 .text.pinctrl_apply_state.isra.0
                0x000000000000613a       0x1e zephyr/drivers/serial/libdrivers__serial.a(uart_nrfx_uarte.c.obj)
 .text.event_clear
                0x0000000000006158       0x18 zephyr/drivers/timer/libdrivers__timer.a(nrf_rtc_timer.c.obj)
 .text.sys_clock_cycle_get_32
                0x0000000000006170        0x8 zephyr/drivers/timer/libdrivers__timer.a(nrf_rtc_timer.c.obj)
                0x0000000000006170                sys_clock_cycle_get_32
 .text.hw_cc3xx_init_internal
                0x0000000000006178        0x4 modules/nrf/drivers/hw_cc3xx/lib..__nrf__drivers__hw_cc3xx.a(hw_cc3xx.c.obj)
 .text.hw_cc3xx_init
                0x000000000000617c       0x12 modules/nrf/drivers/hw_cc3xx/lib..__nrf__drivers__hw_cc3xx.a(hw_cc3xx.c.obj)
 .text.nrfx_isr
                0x000000000000618e        0x2 modules/hal_nordic/modules/hal_nordic/nrfx/libmodules__hal_nordic__nrfx.a(nrfx_glue.c.obj)
                0x000000000000618e                nrfx_isr
 .text.nrfx_busy_wait
                0x0000000000006190        0x4 modules/hal_nordic/modules/hal_nordic/nrfx/libmodules__hal_nordic__nrfx.a(nrfx_glue.c.obj)
                0x0000000000006190                nrfx_busy_wait
 .text.nrfx_gppi_event_endpoint_setup
                0x0000000000006194        0xa modules/hal_nordic/modules/hal_nordic/nrfx/libmodules__hal_nordic__nrfx.a(nrfx_gppi_dppi.c.obj)
                0x0000000000006194                nrfx_gppi_event_endpoint_setup
 .text.nrfx_gppi_task_endpoint_setup
                0x000000000000619e        0xa modules/hal_nordic/modules/hal_nordic/nrfx/libmodules__hal_nordic__nrfx.a(nrfx_gppi_dppi.c.obj)
                0x000000000000619e                nrfx_gppi_task_endpoint_setup
 .text.nrfx_gppi_channel_endpoints_setup
                0x00000000000061a8        0xe modules/hal_nordic/modules/hal_nordic/nrfx/libmodules__hal_nordic__nrfx.a(nrfx_gppi_dppi.c.obj)
                0x00000000000061a8                nrfx_gppi_channel_endpoints_setup
 .text.nrfx_clock_stop
                0x00000000000061b6        0x4 modules/hal_nordic/modules/hal_nordic/nrfx/libmodules__hal_nordic__nrfx.a(nrfx_clock.c.obj)
                0x00000000000061b6                nrfx_clock_stop
 .text.nrf_gpio_reconfigure
                0x00000000000061ba       0x92 modules/hal_nordic/modules/hal_nordic/nrfx/libmodules__hal_nordic__nrfx.a(nrfx_gpiote.c.obj)
 .text.nrf_gpio_cfg_sense_set
                0x000000000000624c       0x1e modules/hal_nordic/modules/hal_nordic/nrfx/libmodules__hal_nordic__nrfx.a(nrfx_gpiote.c.obj)
 .text.pin_trigger_disable
                0x000000000000626a       0x48 modules/hal_nordic/modules/hal_nordic/nrfx/libmodules__hal_nordic__nrfx.a(nrfx_gpiote.c.obj)
 .text.nrfx_gpiote_pin_uninit
                0x00000000000062b2        0x4 modules/hal_nordic/modules/hal_nordic/nrfx/libmodules__hal_nordic__nrfx.a(nrfx_gpiote.c.obj)
                0x00000000000062b2                nrfx_gpiote_pin_uninit
 .text.nrfx_gpiote_trigger_disable
                0x00000000000062b6        0x4 modules/hal_nordic/modules/hal_nordic/nrfx/libmodules__hal_nordic__nrfx.a(nrfx_gpiote.c.obj)
                0x00000000000062b6                nrfx_gpiote_trigger_disable
 .text.nrf_gpio_cfg_input.constprop.0
                0x00000000000062ba        0x8 modules/hal_nordic/modules/hal_nordic/nrfx/libmodules__hal_nordic__nrfx.a(nrfx_i2s.c.obj)
 .text.nrf_gpio_cfg_default
                0x00000000000062c2        0x8 modules/hal_nordic/modules/hal_nordic/nrfx/libmodules__hal_nordic__nrfx.a(nrfx_i2s.c.obj)
 .text.nrf_gpio_cfg_output
                0x00000000000062ca        0x8 modules/hal_nordic/modules/hal_nordic/nrfx/libmodules__hal_nordic__nrfx.a(nrfx_i2s.c.obj)
 .text.z_impl_k_busy_wait
                0x00000000000062d2        0x8 zephyr/kernel/libkernel.a(busy_wait.c.obj)
                0x00000000000062d2                z_impl_k_busy_wait
 .text.z_device_state_init
                0x00000000000062da        0x2 zephyr/kernel/libkernel.a(device.c.obj)
                0x00000000000062da                z_device_state_init
 .text.z_impl_device_is_ready
                0x00000000000062dc       0x16 zephyr/kernel/libkernel.a(device.c.obj)
                0x00000000000062dc                z_impl_device_is_ready
 .text.arch_system_halt
                0x00000000000062f2       0x10 zephyr/kernel/libkernel.a(fatal.c.obj)
                0x00000000000062f2                arch_system_halt
 .text.k_sys_fatal_error_handler
                0x0000000000006302        0x6 zephyr/kernel/libkernel.a(fatal.c.obj)
                0x0000000000006302                k_sys_fatal_error_handler
 .text.do_device_init
                0x0000000000006308       0x2e zephyr/kernel/libkernel.a(init.c.obj)
 .text.z_early_memset
                0x0000000000006336        0x4 zephyr/kernel/libkernel.a(init.c.obj)
                0x0000000000006336                z_early_memset
 .text.z_early_memcpy
                0x000000000000633a        0x4 zephyr/kernel/libkernel.a(init.c.obj)
                0x000000000000633a                z_early_memcpy
 .text.create_free_list
                0x000000000000633e       0x34 zephyr/kernel/libkernel.a(mem_slab.c.obj)
 .text.k_mem_slab_init
                0x0000000000006372       0x1c zephyr/kernel/libkernel.a(mem_slab.c.obj)
                0x0000000000006372                k_mem_slab_init
 .text.k_mem_slab_free
                0x000000000000638e       0x6e zephyr/kernel/libkernel.a(mem_slab.c.obj)
                0x000000000000638e                k_mem_slab_free
 .text.idle     0x00000000000063fc       0x16 zephyr/kernel/libkernel.a(idle.c.obj)
                0x00000000000063fc                idle
 .text.unpend_thread_no_timeout
                0x0000000000006412       0x1a zephyr/kernel/libkernel.a(msg_q.c.obj)
 .text.k_msgq_init
                0x000000000000642c       0x1e zephyr/kernel/libkernel.a(msg_q.c.obj)
                0x000000000000642c                k_msgq_init
 .text.adjust_owner_prio.isra.0
                0x000000000000644a       0x10 zephyr/kernel/libkernel.a(mutex.c.obj)
 .text.z_impl_k_mutex_init
                0x000000000000645a        0xe zephyr/kernel/libkernel.a(mutex.c.obj)
                0x000000000000645a                z_impl_k_mutex_init
 .text.k_is_in_isr
                0x0000000000006468        0xc zephyr/kernel/libkernel.a(thread.c.obj)
                0x0000000000006468                k_is_in_isr
 .text.sys_dlist_remove
                0x0000000000006474       0x10 zephyr/kernel/libkernel.a(sched.c.obj)
 .text.unpend_thread_no_timeout
                0x0000000000006484       0x14 zephyr/kernel/libkernel.a(sched.c.obj)
 .text.add_to_waitq_locked
                0x0000000000006498       0x50 zephyr/kernel/libkernel.a(sched.c.obj)
 .text.z_ready_thread
                0x00000000000064e8       0x1e zephyr/kernel/libkernel.a(sched.c.obj)
                0x00000000000064e8                z_ready_thread
 .text.z_sched_wake_thread
                0x0000000000006506       0x3a zephyr/kernel/libkernel.a(sched.c.obj)
                0x0000000000006506                z_sched_wake_thread
 .text.z_thread_timeout
                0x0000000000006540        0x8 zephyr/kernel/libkernel.a(sched.c.obj)
                0x0000000000006540                z_thread_timeout
 .text.z_impl_k_sleep
                0x0000000000006548       0x4e zephyr/kernel/libkernel.a(sched.c.obj)
                0x0000000000006548                z_impl_k_sleep
 .text.next_timeout
                0x0000000000006596       0x2e zephyr/kernel/libkernel.a(timeout.c.obj)
 .text.z_abort_timeout
                0x00000000000065c4       0x50 zephyr/kernel/libkernel.a(timeout.c.obj)
                0x00000000000065c4                z_abort_timeout
 .text.sys_clock_tick_get_32
                0x0000000000006614        0x8 zephyr/kernel/libkernel.a(timeout.c.obj)
                0x0000000000006614                sys_clock_tick_get_32
 .text.k_heap_init
                0x000000000000661c       0x10 zephyr/kernel/libkernel.a(kheap.c.obj)
                0x000000000000661c                k_heap_init
 .text.memcpy   0x000000000000662c       0x1a /home/mnohem/ncs/toolchains/7cbc0036f4/opt/zephyr-sdk/arm-zephyr-eabi/bin/../lib/gcc/../../picolibc/arm-zephyr-eabi/lib/thumb/v8-m.main/nofp/libc.a(memcpy.c.o)
                0x000000000000662c                memcpy
                0x000000000000662c                __aeabi_memcpy
                0x000000000000662c                __aeabi_memcpy4
                0x000000000000662c                __aeabi_memcpy8
 .text.memset   0x0000000000006646       0x10 /home/mnohem/ncs/toolchains/7cbc0036f4/opt/zephyr-sdk/arm-zephyr-eabi/bin/../lib/gcc/../../picolibc/arm-zephyr-eabi/lib/thumb/v8-m.main/nofp/libc.a(memset.c.o)
                0x0000000000006646                memset
 .text.memcmp   0x0000000000006656       0x20 /home/mnohem/ncs/toolchains/7cbc0036f4/opt/zephyr-sdk/arm-zephyr-eabi/bin/../lib/gcc/../../picolibc/arm-zephyr-eabi/lib/thumb/v8-m.main/nofp/libc.a(libc_string_memcmp.c.o)
                0x0000000000006656                memcmp
 .text.strnlen  0x0000000000006676       0x18 /home/mnohem/ncs/toolchains/7cbc0036f4/opt/zephyr-sdk/arm-zephyr-eabi/bin/../lib/gcc/../../picolibc/arm-zephyr-eabi/lib/thumb/v8-m.main/nofp/libc.a(libc_string_strnlen.c.o)
                0x0000000000006676                strnlen
 .text.__ultoa_invert
                0x000000000000668e       0xac /home/mnohem/ncs/toolchains/7cbc0036f4/opt/zephyr-sdk/arm-zephyr-eabi/bin/../lib/gcc/../../picolibc/arm-zephyr-eabi/lib/thumb/v8-m.main/nofp/libc.a(libc_tinystdio_vflprintf.c.o)
 *(SORT_BY_ALIGNMENT(.TEXT.*))
 *fill*         0x000000000000673a        0x2 
 .TEXT.__aeabi_read_tp
                0x000000000000673c        0xc zephyr/arch/arch/arm/core/cortex_m/libarch__arm__core__cortex_m.a(__aeabi_read_tp.S.obj)
                0x000000000000673c                __aeabi_read_tp
 *(SORT_BY_ALIGNMENT(.gnu.linkonce.t.*))
 *(SORT_BY_ALIGNMENT(.glue_7t))
 .glue_7t       0x0000000000006748        0x0 linker stubs
 *(SORT_BY_ALIGNMENT(.glue_7))
 .glue_7        0x0000000000006748        0x0 linker stubs
 *(SORT_BY_ALIGNMENT(.vfp11_veneer))
 .vfp11_veneer  0x0000000000006748        0x0 linker stubs
 *(SORT_BY_ALIGNMENT(.v4_bx))
 .v4_bx         0x0000000000006748        0x0 linker stubs
                0x0000000000006748                . = ALIGN (0x4)
                0x0000000000006748                __text_region_end = .

.ARM.exidx      0x0000000000006748        0x8
                0x0000000000006748                __exidx_start = .
 *(SORT_BY_ALIGNMENT(.ARM.exidx*) SORT_BY_ALIGNMENT(gnu.linkonce.armexidx.*))
 .ARM.exidx     0x0000000000006748        0x8 /home/mnohem/ncs/toolchains/7cbc0036f4/opt/zephyr-sdk/arm-zephyr-eabi/bin/../lib/gcc/arm-zephyr-eabi/12.2.0/thumb/v8-m.main/nofp/libgcc.a(_udivmoddi4.o)
                0x0000000000006750                __exidx_end = .
                0x0000000000006750                __rodata_region_start = .

initlevel       0x0000000000006750       0x60
                0x0000000000006750                __init_start = .
                0x0000000000006750                __init_EARLY_start = .
 *(SORT_BY_NAME(SORT_BY_ALIGNMENT(.z_init_EARLY_P_?_*)))
 *(SORT_BY_NAME(SORT_BY_ALIGNMENT(.z_init_EARLY_P_??_*)))
 *(SORT_BY_NAME(SORT_BY_ALIGNMENT(.z_init_EARLY_P_???_*)))
                0x0000000000006750                __init_PRE_KERNEL_1_start = .
 *(SORT_BY_NAME(SORT_BY_ALIGNMENT(.z_init_PRE_KERNEL_1_P_?_*)))
 *(SORT_BY_NAME(SORT_BY_ALIGNMENT(.z_init_PRE_KERNEL_1_P_??_*)))
 .z_init_PRE_KERNEL_1_P_30_SUB_00081_
                0x0000000000006750        0x8 zephyr/drivers/clock_control/libdrivers__clock_control.a(clock_control_nrf.c.obj)
 .z_init_PRE_KERNEL_1_P_30_SUB_0_
                0x0000000000006758        0x8 zephyr/kernel/libkernel.a(mem_slab.c.obj)
 .z_init_PRE_KERNEL_1_P_30_SUB_0_
                0x0000000000006760        0x8 zephyr/kernel/libkernel.a(kheap.c.obj)
 .z_init_PRE_KERNEL_1_P_40_SUB_00012_
                0x0000000000006768        0x8 zephyr/drivers/gpio/libdrivers__gpio.a(gpio_nrfx.c.obj)
 .z_init_PRE_KERNEL_1_P_40_SUB_00033_
                0x0000000000006770        0x8 zephyr/drivers/gpio/libdrivers__gpio.a(gpio_nrfx.c.obj)
 .z_init_PRE_KERNEL_1_P_40_SUB_0_
                0x0000000000006778        0x8 modules/nrf/drivers/hw_cc3xx/lib..__nrf__drivers__hw_cc3xx.a(hw_cc3xx.c.obj)
 .z_init_PRE_KERNEL_1_P_50_SUB_00118_
                0x0000000000006780        0x8 zephyr/drivers/serial/libdrivers__serial.a(uart_nrfx_uarte.c.obj)
 .z_init_PRE_KERNEL_1_P_60_SUB_0_
                0x0000000000006788        0x8 zephyr/drivers/console/libdrivers__console.a(uart_console.c.obj)
 *(SORT_BY_NAME(SORT_BY_ALIGNMENT(.z_init_PRE_KERNEL_1_P_???_*)))
                0x0000000000006790                __init_PRE_KERNEL_2_start = .
 *(SORT_BY_NAME(SORT_BY_ALIGNMENT(.z_init_PRE_KERNEL_2_P_?_*)))
 .z_init_PRE_KERNEL_2_P_0_SUB_0_
                0x0000000000006790        0x8 zephyr/drivers/timer/libdrivers__timer.a(nrf_rtc_timer.c.obj)
 *(SORT_BY_NAME(SORT_BY_ALIGNMENT(.z_init_PRE_KERNEL_2_P_??_*)))
 *(SORT_BY_NAME(SORT_BY_ALIGNMENT(.z_init_PRE_KERNEL_2_P_???_*)))
                0x0000000000006798                __init_POST_KERNEL_start = .
 *(SORT_BY_NAME(SORT_BY_ALIGNMENT(.z_init_POST_KERNEL_P_?_*)))
 *(SORT_BY_NAME(SORT_BY_ALIGNMENT(.z_init_POST_KERNEL_P_??_*)))
 .z_init_POST_KERNEL_P_35_SUB_0_
                0x0000000000006798        0x8 zephyr/lib/libc/common/liblib__libc__common.a(malloc.c.obj)
 .z_init_POST_KERNEL_P_40_SUB_0_
                0x00000000000067a0        0x8 modules/nrf/drivers/hw_cc3xx/lib..__nrf__drivers__hw_cc3xx.a(hw_cc3xx.c.obj)
 .z_init_POST_KERNEL_P_50_SUB_00096_
                0x00000000000067a8        0x8 zephyr/drivers/i2s/libdrivers__i2s.a(i2s_nrfx.c.obj)
 *(SORT_BY_NAME(SORT_BY_ALIGNMENT(.z_init_POST_KERNEL_P_???_*)))
                0x00000000000067b0                __init_APPLICATION_start = .
 *(SORT_BY_NAME(SORT_BY_ALIGNMENT(.z_init_APPLICATION_P_?_*)))
 *(SORT_BY_NAME(SORT_BY_ALIGNMENT(.z_init_APPLICATION_P_??_*)))
 *(SORT_BY_NAME(SORT_BY_ALIGNMENT(.z_init_APPLICATION_P_???_*)))
                0x00000000000067b0                __init_SMP_start = .
 *(SORT_BY_NAME(SORT_BY_ALIGNMENT(.z_init_SMP_P_?_*)))
 *(SORT_BY_NAME(SORT_BY_ALIGNMENT(.z_init_SMP_P_??_*)))
 *(SORT_BY_NAME(SORT_BY_ALIGNMENT(.z_init_SMP_P_???_*)))
                0x00000000000067b0                __init_end = .

device_area     0x00000000000067b0       0xa0
                0x00000000000067b0                _device_list_start = .
 *(SORT_BY_NAME(SORT_BY_ALIGNMENT(._device.static.*_?_*)))
 *(SORT_BY_NAME(SORT_BY_ALIGNMENT(._device.static.*_??_*)))
 ._device.static.1_30_
                0x00000000000067b0       0x20 zephyr/drivers/clock_control/libdrivers__clock_control.a(clock_control_nrf.c.obj)
                0x00000000000067b0                __device_dts_ord_81
 ._device.static.1_40_
                0x00000000000067d0       0x40 zephyr/drivers/gpio/libdrivers__gpio.a(gpio_nrfx.c.obj)
                0x00000000000067d0                __device_dts_ord_33
                0x00000000000067f0                __device_dts_ord_12
 ._device.static.1_50_
                0x0000000000006810       0x20 zephyr/drivers/serial/libdrivers__serial.a(uart_nrfx_uarte.c.obj)
                0x0000000000006810                __device_dts_ord_118
 ._device.static.3_50_
                0x0000000000006830       0x20 zephyr/drivers/i2s/libdrivers__i2s.a(i2s_nrfx.c.obj)
                0x0000000000006830                __device_dts_ord_96
 *(SORT_BY_NAME(SORT_BY_ALIGNMENT(._device.static.*_???_*)))
 *(SORT_BY_NAME(SORT_BY_ALIGNMENT(._device.static.*_????_*)))
 *(SORT_BY_NAME(SORT_BY_ALIGNMENT(._device.static.*_?????_*)))
                0x0000000000006850                _device_list_end = .

sw_isr_table    0x0000000000006850      0x228
                0x0000000000006850                . = ALIGN (0x4)
 *(SORT_BY_ALIGNMENT(.gnu.linkonce.sw_isr_table*))
 .gnu.linkonce.sw_isr_table
                0x0000000000006850      0x228 zephyr/CMakeFiles/zephyr_final.dir/isr_tables.c.obj
                0x0000000000006850                _sw_isr_table

initlevel_error
                0x0000000000006750        0x0
 *(SORT_BY_NAME(SORT_BY_ALIGNMENT(.z_init_*)))
                0x0000000000000001                ASSERT ((SIZEOF (initlevel_error) == 0x0), Undefined initialization levels used.)

app_shmem_regions
                0x0000000000006a78        0x0
                0x0000000000006a78                __app_shmem_regions_start = .
 *(SORT_BY_NAME(SORT_BY_ALIGNMENT(.app_regions.*)))
                0x0000000000006a78                __app_shmem_regions_end = .

k_p4wq_initparam_area
                0x0000000000006a78        0x0
                0x0000000000006a78                _k_p4wq_initparam_list_start = .
 *(SORT_BY_NAME(SORT_BY_ALIGNMENT(._k_p4wq_initparam.static.*)))
                0x0000000000006a78                _k_p4wq_initparam_list_end = .

_static_thread_data_area
                0x0000000000006a78        0x0
                0x0000000000006a78                __static_thread_data_list_start = .
 *(SORT_BY_NAME(SORT_BY_ALIGNMENT(.__static_thread_data.static.*)))
                0x0000000000006a78                __static_thread_data_list_end = .

device_deps     0x0000000000006a78        0x0
                0x0000000000006a78                __device_deps_start = .
 *(SORT_BY_NAME(SORT_BY_ALIGNMENT(.__device_deps_pass2*)))
                0x0000000000006a78                __device_deps_end = .

gpio_driver_api_area
                0x0000000000006a78       0x24
                0x0000000000006a78                _gpio_driver_api_list_start = .
 *(SORT_BY_NAME(SORT_BY_ALIGNMENT(._gpio_driver_api.static.*)))
 ._gpio_driver_api.static.gpio_nrfx_drv_api_funcs_
                0x0000000000006a78       0x24 zephyr/drivers/gpio/libdrivers__gpio.a(gpio_nrfx.c.obj)
                0x0000000000006a9c                _gpio_driver_api_list_end = .

i2s_driver_api_area
                0x0000000000006a9c       0x14
                0x0000000000006a9c                _i2s_driver_api_list_start = .
 *(SORT_BY_NAME(SORT_BY_ALIGNMENT(._i2s_driver_api.static.*)))
 ._i2s_driver_api.static.i2s_nrf_drv_api_
                0x0000000000006a9c       0x14 zephyr/drivers/i2s/libdrivers__i2s.a(i2s_nrfx.c.obj)
                0x0000000000006ab0                _i2s_driver_api_list_end = .

blink_driver_api_area
                0x0000000000006ab0        0x0
                0x0000000000006ab0                _blink_driver_api_list_start = .
 *(SORT_BY_NAME(SORT_BY_ALIGNMENT(._blink_driver_api.static.*)))
                0x0000000000006ab0                _blink_driver_api_list_end = .

shared_irq_driver_api_area
                0x0000000000006ab0        0x0
                0x0000000000006ab0                _shared_irq_driver_api_list_start = .
 *(SORT_BY_NAME(SORT_BY_ALIGNMENT(._shared_irq_driver_api.static.*)))
                0x0000000000006ab0                _shared_irq_driver_api_list_end = .

crypto_driver_api_area
                0x0000000000006ab0        0x0
                0x0000000000006ab0                _crypto_driver_api_list_start = .
 *(SORT_BY_NAME(SORT_BY_ALIGNMENT(._crypto_driver_api.static.*)))
                0x0000000000006ab0                _crypto_driver_api_list_end = .

adc_driver_api_area
                0x0000000000006ab0        0x0
                0x0000000000006ab0                _adc_driver_api_list_start = .
 *(SORT_BY_NAME(SORT_BY_ALIGNMENT(._adc_driver_api.static.*)))
                0x0000000000006ab0                _adc_driver_api_list_end = .

auxdisplay_driver_api_area
                0x0000000000006ab0        0x0
                0x0000000000006ab0                _auxdisplay_driver_api_list_start = .
 *(SORT_BY_NAME(SORT_BY_ALIGNMENT(._auxdisplay_driver_api.static.*)))
                0x0000000000006ab0                _auxdisplay_driver_api_list_end = .

bbram_driver_api_area
                0x0000000000006ab0        0x0
                0x0000000000006ab0                _bbram_driver_api_list_start = .
 *(SORT_BY_NAME(SORT_BY_ALIGNMENT(._bbram_driver_api.static.*)))
                0x0000000000006ab0                _bbram_driver_api_list_end = .

bt_hci_driver_api_area
                0x0000000000006ab0        0x0
                0x0000000000006ab0                _bt_hci_driver_api_list_start = .
 *(SORT_BY_NAME(SORT_BY_ALIGNMENT(._bt_hci_driver_api.static.*)))
                0x0000000000006ab0                _bt_hci_driver_api_list_end = .

can_driver_api_area
                0x0000000000006ab0        0x0
                0x0000000000006ab0                _can_driver_api_list_start = .
 *(SORT_BY_NAME(SORT_BY_ALIGNMENT(._can_driver_api.static.*)))
                0x0000000000006ab0                _can_driver_api_list_end = .

cellular_driver_api_area
                0x0000000000006ab0        0x0
                0x0000000000006ab0                _cellular_driver_api_list_start = .
 *(SORT_BY_NAME(SORT_BY_ALIGNMENT(._cellular_driver_api.static.*)))
                0x0000000000006ab0                _cellular_driver_api_list_end = .

charger_driver_api_area
                0x0000000000006ab0        0x0
                0x0000000000006ab0                _charger_driver_api_list_start = .
 *(SORT_BY_NAME(SORT_BY_ALIGNMENT(._charger_driver_api.static.*)))
                0x0000000000006ab0                _charger_driver_api_list_end = .

clock_control_driver_api_area
                0x0000000000006ab0       0x1c
                0x0000000000006ab0                _clock_control_driver_api_list_start = .
 *(SORT_BY_NAME(SORT_BY_ALIGNMENT(._clock_control_driver_api.static.*)))
 ._clock_control_driver_api.static.clock_control_api_
                0x0000000000006ab0       0x1c zephyr/drivers/clock_control/libdrivers__clock_control.a(clock_control_nrf.c.obj)
                0x0000000000006acc                _clock_control_driver_api_list_end = .

comparator_driver_api_area
                0x0000000000006acc        0x0
                0x0000000000006acc                _comparator_driver_api_list_start = .
 *(SORT_BY_NAME(SORT_BY_ALIGNMENT(._comparator_driver_api.static.*)))
                0x0000000000006acc                _comparator_driver_api_list_end = .

coredump_driver_api_area
                0x0000000000006acc        0x0
                0x0000000000006acc                _coredump_driver_api_list_start = .
 *(SORT_BY_NAME(SORT_BY_ALIGNMENT(._coredump_driver_api.static.*)))
                0x0000000000006acc                _coredump_driver_api_list_end = .

counter_driver_api_area
                0x0000000000006acc        0x0
                0x0000000000006acc                _counter_driver_api_list_start = .
 *(SORT_BY_NAME(SORT_BY_ALIGNMENT(._counter_driver_api.static.*)))
                0x0000000000006acc                _counter_driver_api_list_end = .

dac_driver_api_area
                0x0000000000006acc        0x0
                0x0000000000006acc                _dac_driver_api_list_start = .
 *(SORT_BY_NAME(SORT_BY_ALIGNMENT(._dac_driver_api.static.*)))
                0x0000000000006acc                _dac_driver_api_list_end = .

dai_driver_api_area
                0x0000000000006acc        0x0
                0x0000000000006acc                _dai_driver_api_list_start = .
 *(SORT_BY_NAME(SORT_BY_ALIGNMENT(._dai_driver_api.static.*)))
                0x0000000000006acc                _dai_driver_api_list_end = .

display_driver_api_area
                0x0000000000006acc        0x0
                0x0000000000006acc                _display_driver_api_list_start = .
 *(SORT_BY_NAME(SORT_BY_ALIGNMENT(._display_driver_api.static.*)))
                0x0000000000006acc                _display_driver_api_list_end = .

dma_driver_api_area
                0x0000000000006acc        0x0
                0x0000000000006acc                _dma_driver_api_list_start = .
 *(SORT_BY_NAME(SORT_BY_ALIGNMENT(._dma_driver_api.static.*)))
                0x0000000000006acc                _dma_driver_api_list_end = .

edac_driver_api_area
                0x0000000000006acc        0x0
                0x0000000000006acc                _edac_driver_api_list_start = .
 *(SORT_BY_NAME(SORT_BY_ALIGNMENT(._edac_driver_api.static.*)))
                0x0000000000006acc                _edac_driver_api_list_end = .

eeprom_driver_api_area
                0x0000000000006acc        0x0
                0x0000000000006acc                _eeprom_driver_api_list_start = .
 *(SORT_BY_NAME(SORT_BY_ALIGNMENT(._eeprom_driver_api.static.*)))
                0x0000000000006acc                _eeprom_driver_api_list_end = .

emul_bbram_driver_api_area
                0x0000000000006acc        0x0
                0x0000000000006acc                _emul_bbram_driver_api_list_start = .
 *(SORT_BY_NAME(SORT_BY_ALIGNMENT(._emul_bbram_driver_api.static.*)))
                0x0000000000006acc                _emul_bbram_driver_api_list_end = .

fuel_gauge_emul_driver_api_area
                0x0000000000006acc        0x0
                0x0000000000006acc                _fuel_gauge_emul_driver_api_list_start = .
 *(SORT_BY_NAME(SORT_BY_ALIGNMENT(._fuel_gauge_emul_driver_api.static.*)))
                0x0000000000006acc                _fuel_gauge_emul_driver_api_list_end = .

emul_sensor_driver_api_area
                0x0000000000006acc        0x0
                0x0000000000006acc                _emul_sensor_driver_api_list_start = .
 *(SORT_BY_NAME(SORT_BY_ALIGNMENT(._emul_sensor_driver_api.static.*)))
                0x0000000000006acc                _emul_sensor_driver_api_list_end = .

entropy_driver_api_area
                0x0000000000006acc        0x0
                0x0000000000006acc                _entropy_driver_api_list_start = .
 *(SORT_BY_NAME(SORT_BY_ALIGNMENT(._entropy_driver_api.static.*)))
                0x0000000000006acc                _entropy_driver_api_list_end = .

espi_driver_api_area
                0x0000000000006acc        0x0
                0x0000000000006acc                _espi_driver_api_list_start = .
 *(SORT_BY_NAME(SORT_BY_ALIGNMENT(._espi_driver_api.static.*)))
                0x0000000000006acc                _espi_driver_api_list_end = .

espi_saf_driver_api_area
                0x0000000000006acc        0x0
                0x0000000000006acc                _espi_saf_driver_api_list_start = .
 *(SORT_BY_NAME(SORT_BY_ALIGNMENT(._espi_saf_driver_api.static.*)))
                0x0000000000006acc                _espi_saf_driver_api_list_end = .

flash_driver_api_area
                0x0000000000006acc        0x0
                0x0000000000006acc                _flash_driver_api_list_start = .
 *(SORT_BY_NAME(SORT_BY_ALIGNMENT(._flash_driver_api.static.*)))
                0x0000000000006acc                _flash_driver_api_list_end = .

fpga_driver_api_area
                0x0000000000006acc        0x0
                0x0000000000006acc                _fpga_driver_api_list_start = .
 *(SORT_BY_NAME(SORT_BY_ALIGNMENT(._fpga_driver_api.static.*)))
                0x0000000000006acc                _fpga_driver_api_list_end = .

fuel_gauge_driver_api_area
                0x0000000000006acc        0x0
                0x0000000000006acc                _fuel_gauge_driver_api_list_start = .
 *(SORT_BY_NAME(SORT_BY_ALIGNMENT(._fuel_gauge_driver_api.static.*)))
                0x0000000000006acc                _fuel_gauge_driver_api_list_end = .

gnss_driver_api_area
                0x0000000000006acc        0x0
                0x0000000000006acc                _gnss_driver_api_list_start = .
 *(SORT_BY_NAME(SORT_BY_ALIGNMENT(._gnss_driver_api.static.*)))
                0x0000000000006acc                _gnss_driver_api_list_end = .

haptics_driver_api_area
                0x0000000000006acc        0x0
                0x0000000000006acc                _haptics_driver_api_list_start = .
 *(SORT_BY_NAME(SORT_BY_ALIGNMENT(._haptics_driver_api.static.*)))
                0x0000000000006acc                _haptics_driver_api_list_end = .

hwspinlock_driver_api_area
                0x0000000000006acc        0x0
                0x0000000000006acc                _hwspinlock_driver_api_list_start = .
 *(SORT_BY_NAME(SORT_BY_ALIGNMENT(._hwspinlock_driver_api.static.*)))
                0x0000000000006acc                _hwspinlock_driver_api_list_end = .

i2c_driver_api_area
                0x0000000000006acc        0x0
                0x0000000000006acc                _i2c_driver_api_list_start = .
 *(SORT_BY_NAME(SORT_BY_ALIGNMENT(._i2c_driver_api.static.*)))
                0x0000000000006acc                _i2c_driver_api_list_end = .

i2c_target_driver_api_area
                0x0000000000006acc        0x0
                0x0000000000006acc                _i2c_target_driver_api_list_start = .
 *(SORT_BY_NAME(SORT_BY_ALIGNMENT(._i2c_target_driver_api.static.*)))
                0x0000000000006acc                _i2c_target_driver_api_list_end = .

i3c_driver_api_area
                0x0000000000006acc        0x0
                0x0000000000006acc                _i3c_driver_api_list_start = .
 *(SORT_BY_NAME(SORT_BY_ALIGNMENT(._i3c_driver_api.static.*)))
                0x0000000000006acc                _i3c_driver_api_list_end = .

ipm_driver_api_area
                0x0000000000006acc        0x0
                0x0000000000006acc                _ipm_driver_api_list_start = .
 *(SORT_BY_NAME(SORT_BY_ALIGNMENT(._ipm_driver_api.static.*)))
                0x0000000000006acc                _ipm_driver_api_list_end = .

led_driver_api_area
                0x0000000000006acc        0x0
                0x0000000000006acc                _led_driver_api_list_start = .
 *(SORT_BY_NAME(SORT_BY_ALIGNMENT(._led_driver_api.static.*)))
                0x0000000000006acc                _led_driver_api_list_end = .

led_strip_driver_api_area
                0x0000000000006acc        0x0
                0x0000000000006acc                _led_strip_driver_api_list_start = .
 *(SORT_BY_NAME(SORT_BY_ALIGNMENT(._led_strip_driver_api.static.*)))
                0x0000000000006acc                _led_strip_driver_api_list_end = .

lora_driver_api_area
                0x0000000000006acc        0x0
                0x0000000000006acc                _lora_driver_api_list_start = .
 *(SORT_BY_NAME(SORT_BY_ALIGNMENT(._lora_driver_api.static.*)))
                0x0000000000006acc                _lora_driver_api_list_end = .

mbox_driver_api_area
                0x0000000000006acc        0x0
                0x0000000000006acc                _mbox_driver_api_list_start = .
 *(SORT_BY_NAME(SORT_BY_ALIGNMENT(._mbox_driver_api.static.*)))
                0x0000000000006acc                _mbox_driver_api_list_end = .

mdio_driver_api_area
                0x0000000000006acc        0x0
                0x0000000000006acc                _mdio_driver_api_list_start = .
 *(SORT_BY_NAME(SORT_BY_ALIGNMENT(._mdio_driver_api.static.*)))
                0x0000000000006acc                _mdio_driver_api_list_end = .

mipi_dbi_driver_api_area
                0x0000000000006acc        0x0
                0x0000000000006acc                _mipi_dbi_driver_api_list_start = .
 *(SORT_BY_NAME(SORT_BY_ALIGNMENT(._mipi_dbi_driver_api.static.*)))
                0x0000000000006acc                _mipi_dbi_driver_api_list_end = .

mipi_dsi_driver_api_area
                0x0000000000006acc        0x0
                0x0000000000006acc                _mipi_dsi_driver_api_list_start = .
 *(SORT_BY_NAME(SORT_BY_ALIGNMENT(._mipi_dsi_driver_api.static.*)))
                0x0000000000006acc                _mipi_dsi_driver_api_list_end = .

mspi_driver_api_area
                0x0000000000006acc        0x0
                0x0000000000006acc                _mspi_driver_api_list_start = .
 *(SORT_BY_NAME(SORT_BY_ALIGNMENT(._mspi_driver_api.static.*)))
                0x0000000000006acc                _mspi_driver_api_list_end = .

peci_driver_api_area
                0x0000000000006acc        0x0
                0x0000000000006acc                _peci_driver_api_list_start = .
 *(SORT_BY_NAME(SORT_BY_ALIGNMENT(._peci_driver_api.static.*)))
                0x0000000000006acc                _peci_driver_api_list_end = .

ps2_driver_api_area
                0x0000000000006acc        0x0
                0x0000000000006acc                _ps2_driver_api_list_start = .
 *(SORT_BY_NAME(SORT_BY_ALIGNMENT(._ps2_driver_api.static.*)))
                0x0000000000006acc                _ps2_driver_api_list_end = .

ptp_clock_driver_api_area
                0x0000000000006acc        0x0
                0x0000000000006acc                _ptp_clock_driver_api_list_start = .
 *(SORT_BY_NAME(SORT_BY_ALIGNMENT(._ptp_clock_driver_api.static.*)))
                0x0000000000006acc                _ptp_clock_driver_api_list_end = .

pwm_driver_api_area
                0x0000000000006acc        0x0
                0x0000000000006acc                _pwm_driver_api_list_start = .
 *(SORT_BY_NAME(SORT_BY_ALIGNMENT(._pwm_driver_api.static.*)))
                0x0000000000006acc                _pwm_driver_api_list_end = .

regulator_parent_driver_api_area
                0x0000000000006acc        0x0
                0x0000000000006acc                _regulator_parent_driver_api_list_start = .
 *(SORT_BY_NAME(SORT_BY_ALIGNMENT(._regulator_parent_driver_api.static.*)))
                0x0000000000006acc                _regulator_parent_driver_api_list_end = .

regulator_driver_api_area
                0x0000000000006acc        0x0
                0x0000000000006acc                _regulator_driver_api_list_start = .
 *(SORT_BY_NAME(SORT_BY_ALIGNMENT(._regulator_driver_api.static.*)))
                0x0000000000006acc                _regulator_driver_api_list_end = .

reset_driver_api_area
                0x0000000000006acc        0x0
                0x0000000000006acc                _reset_driver_api_list_start = .
 *(SORT_BY_NAME(SORT_BY_ALIGNMENT(._reset_driver_api.static.*)))
                0x0000000000006acc                _reset_driver_api_list_end = .

retained_mem_driver_api_area
                0x0000000000006acc        0x0
                0x0000000000006acc                _retained_mem_driver_api_list_start = .
 *(SORT_BY_NAME(SORT_BY_ALIGNMENT(._retained_mem_driver_api.static.*)))
                0x0000000000006acc                _retained_mem_driver_api_list_end = .

rtc_driver_api_area
                0x0000000000006acc        0x0
                0x0000000000006acc                _rtc_driver_api_list_start = .
 *(SORT_BY_NAME(SORT_BY_ALIGNMENT(._rtc_driver_api.static.*)))
                0x0000000000006acc                _rtc_driver_api_list_end = .

sdhc_driver_api_area
                0x0000000000006acc        0x0
                0x0000000000006acc                _sdhc_driver_api_list_start = .
 *(SORT_BY_NAME(SORT_BY_ALIGNMENT(._sdhc_driver_api.static.*)))
                0x0000000000006acc                _sdhc_driver_api_list_end = .

sensor_driver_api_area
                0x0000000000006acc        0x0
                0x0000000000006acc                _sensor_driver_api_list_start = .
 *(SORT_BY_NAME(SORT_BY_ALIGNMENT(._sensor_driver_api.static.*)))
                0x0000000000006acc                _sensor_driver_api_list_end = .

smbus_driver_api_area
                0x0000000000006acc        0x0
                0x0000000000006acc                _smbus_driver_api_list_start = .
 *(SORT_BY_NAME(SORT_BY_ALIGNMENT(._smbus_driver_api.static.*)))
                0x0000000000006acc                _smbus_driver_api_list_end = .

spi_driver_api_area
                0x0000000000006acc        0x0
                0x0000000000006acc                _spi_driver_api_list_start = .
 *(SORT_BY_NAME(SORT_BY_ALIGNMENT(._spi_driver_api.static.*)))
                0x0000000000006acc                _spi_driver_api_list_end = .

stepper_driver_api_area
                0x0000000000006acc        0x0
                0x0000000000006acc                _stepper_driver_api_list_start = .
 *(SORT_BY_NAME(SORT_BY_ALIGNMENT(._stepper_driver_api.static.*)))
                0x0000000000006acc                _stepper_driver_api_list_end = .

syscon_driver_api_area
                0x0000000000006acc        0x0
                0x0000000000006acc                _syscon_driver_api_list_start = .
 *(SORT_BY_NAME(SORT_BY_ALIGNMENT(._syscon_driver_api.static.*)))
                0x0000000000006acc                _syscon_driver_api_list_end = .

tee_driver_api_area
                0x0000000000006acc        0x0
                0x0000000000006acc                _tee_driver_api_list_start = .
 *(SORT_BY_NAME(SORT_BY_ALIGNMENT(._tee_driver_api.static.*)))
                0x0000000000006acc                _tee_driver_api_list_end = .

video_driver_api_area
                0x0000000000006acc        0x0
                0x0000000000006acc                _video_driver_api_list_start = .
 *(SORT_BY_NAME(SORT_BY_ALIGNMENT(._video_driver_api.static.*)))
                0x0000000000006acc                _video_driver_api_list_end = .

w1_driver_api_area
                0x0000000000006acc        0x0
                0x0000000000006acc                _w1_driver_api_list_start = .
 *(SORT_BY_NAME(SORT_BY_ALIGNMENT(._w1_driver_api.static.*)))
                0x0000000000006acc                _w1_driver_api_list_end = .

wdt_driver_api_area
                0x0000000000006acc        0x0
                0x0000000000006acc                _wdt_driver_api_list_start = .
 *(SORT_BY_NAME(SORT_BY_ALIGNMENT(._wdt_driver_api.static.*)))
                0x0000000000006acc                _wdt_driver_api_list_end = .

can_transceiver_driver_api_area
                0x0000000000006acc        0x0
                0x0000000000006acc                _can_transceiver_driver_api_list_start = .
 *(SORT_BY_NAME(SORT_BY_ALIGNMENT(._can_transceiver_driver_api.static.*)))
                0x0000000000006acc                _can_transceiver_driver_api_list_end = .

nrf_clock_control_driver_api_area
                0x0000000000006acc        0x0
                0x0000000000006acc                _nrf_clock_control_driver_api_list_start = .
 *(SORT_BY_NAME(SORT_BY_ALIGNMENT(._nrf_clock_control_driver_api.static.*)))
                0x0000000000006acc                _nrf_clock_control_driver_api_list_end = .

i3c_target_driver_api_area
                0x0000000000006acc        0x0
                0x0000000000006acc                _i3c_target_driver_api_list_start = .
 *(SORT_BY_NAME(SORT_BY_ALIGNMENT(._i3c_target_driver_api.static.*)))
                0x0000000000006acc                _i3c_target_driver_api_list_end = .

its_driver_api_area
                0x0000000000006acc        0x0
                0x0000000000006acc                _its_driver_api_list_start = .
 *(SORT_BY_NAME(SORT_BY_ALIGNMENT(._its_driver_api.static.*)))
                0x0000000000006acc                _its_driver_api_list_end = .

vtd_driver_api_area
                0x0000000000006acc        0x0
                0x0000000000006acc                _vtd_driver_api_list_start = .
 *(SORT_BY_NAME(SORT_BY_ALIGNMENT(._vtd_driver_api.static.*)))
                0x0000000000006acc                _vtd_driver_api_list_end = .

tgpio_driver_api_area
                0x0000000000006acc        0x0
                0x0000000000006acc                _tgpio_driver_api_list_start = .
 *(SORT_BY_NAME(SORT_BY_ALIGNMENT(._tgpio_driver_api.static.*)))
                0x0000000000006acc                _tgpio_driver_api_list_end = .

pcie_ctrl_driver_api_area
                0x0000000000006acc        0x0
                0x0000000000006acc                _pcie_ctrl_driver_api_list_start = .
 *(SORT_BY_NAME(SORT_BY_ALIGNMENT(._pcie_ctrl_driver_api.static.*)))
                0x0000000000006acc                _pcie_ctrl_driver_api_list_end = .

pcie_ep_driver_api_area
                0x0000000000006acc        0x0
                0x0000000000006acc                _pcie_ep_driver_api_list_start = .
 *(SORT_BY_NAME(SORT_BY_ALIGNMENT(._pcie_ep_driver_api.static.*)))
                0x0000000000006acc                _pcie_ep_driver_api_list_end = .

svc_driver_api_area
                0x0000000000006acc        0x0
                0x0000000000006acc                _svc_driver_api_list_start = .
 *(SORT_BY_NAME(SORT_BY_ALIGNMENT(._svc_driver_api.static.*)))
                0x0000000000006acc                _svc_driver_api_list_end = .

uart_driver_api_area
                0x0000000000006acc        0xc
                0x0000000000006acc                _uart_driver_api_list_start = .
 *(SORT_BY_NAME(SORT_BY_ALIGNMENT(._uart_driver_api.static.*)))
 ._uart_driver_api.static.uart_nrfx_uarte_driver_api_
                0x0000000000006acc        0xc zephyr/drivers/serial/libdrivers__serial.a(uart_nrfx_uarte.c.obj)
                0x0000000000006ad8                _uart_driver_api_list_end = .

bc12_emul_driver_api_area
                0x0000000000006ad8        0x0
                0x0000000000006ad8                _bc12_emul_driver_api_list_start = .
 *(SORT_BY_NAME(SORT_BY_ALIGNMENT(._bc12_emul_driver_api.static.*)))
                0x0000000000006ad8                _bc12_emul_driver_api_list_end = .

bc12_driver_api_area
                0x0000000000006ad8        0x0
                0x0000000000006ad8                _bc12_driver_api_list_start = .
 *(SORT_BY_NAME(SORT_BY_ALIGNMENT(._bc12_driver_api.static.*)))
                0x0000000000006ad8                _bc12_driver_api_list_end = .

usbc_ppc_driver_api_area